Archive member included to satisfy reference by file (symbol)

/home/mahyar/st/stm32cubeide_1.14.0_2/plugins/com.st.stm32cube.ide.mcu.externaltools.gnu-tools-for-stm32.11.3.rel1.linux64_1.1.100.202309141235/tools/bin/../lib/gcc/arm-none-eabi/11.3.1/../../../../arm-none-eabi/lib/thumb/v7e-m+fp/hard/libc_nano.a(libc_a-exit.o)
                              /home/mahyar/st/stm32cubeide_1.14.0_2/plugins/com.st.stm32cube.ide.mcu.externaltools.gnu-tools-for-stm32.11.3.rel1.linux64_1.1.100.202309141235/tools/bin/../lib/gcc/arm-none-eabi/11.3.1/../../../../arm-none-eabi/lib/thumb/v7e-m+fp/hard/crt0.o (exit)
/home/mahyar/st/stm32cubeide_1.14.0_2/plugins/com.st.stm32cube.ide.mcu.externaltools.gnu-tools-for-stm32.11.3.rel1.linux64_1.1.100.202309141235/tools/bin/../lib/gcc/arm-none-eabi/11.3.1/../../../../arm-none-eabi/lib/thumb/v7e-m+fp/hard/libc_nano.a(libc_a-findfp.o)
                              /home/mahyar/st/stm32cubeide_1.14.0_2/plugins/com.st.stm32cube.ide.mcu.externaltools.gnu-tools-for-stm32.11.3.rel1.linux64_1.1.100.202309141235/tools/bin/../lib/gcc/arm-none-eabi/11.3.1/../../../../arm-none-eabi/lib/thumb/v7e-m+fp/hard/libc_nano.a(libc_a-exit.o) (__stdio_exit_handler)
/home/mahyar/st/stm32cubeide_1.14.0_2/plugins/com.st.stm32cube.ide.mcu.externaltools.gnu-tools-for-stm32.11.3.rel1.linux64_1.1.100.202309141235/tools/bin/../lib/gcc/arm-none-eabi/11.3.1/../../../../arm-none-eabi/lib/thumb/v7e-m+fp/hard/libc_nano.a(libc_a-fwalk.o)
                              /home/mahyar/st/stm32cubeide_1.14.0_2/plugins/com.st.stm32cube.ide.mcu.externaltools.gnu-tools-for-stm32.11.3.rel1.linux64_1.1.100.202309141235/tools/bin/../lib/gcc/arm-none-eabi/11.3.1/../../../../arm-none-eabi/lib/thumb/v7e-m+fp/hard/libc_nano.a(libc_a-findfp.o) (_fwalk_sglue)
/home/mahyar/st/stm32cubeide_1.14.0_2/plugins/com.st.stm32cube.ide.mcu.externaltools.gnu-tools-for-stm32.11.3.rel1.linux64_1.1.100.202309141235/tools/bin/../lib/gcc/arm-none-eabi/11.3.1/../../../../arm-none-eabi/lib/thumb/v7e-m+fp/hard/libc_nano.a(libc_a-printf.o)
                              ./Core/Src/main.o (printf)
/home/mahyar/st/stm32cubeide_1.14.0_2/plugins/com.st.stm32cube.ide.mcu.externaltools.gnu-tools-for-stm32.11.3.rel1.linux64_1.1.100.202309141235/tools/bin/../lib/gcc/arm-none-eabi/11.3.1/../../../../arm-none-eabi/lib/thumb/v7e-m+fp/hard/libc_nano.a(libc_a-puts.o)
                              ./Core/Src/w5500/w5500_phy.o (puts)
/home/mahyar/st/stm32cubeide_1.14.0_2/plugins/com.st.stm32cube.ide.mcu.externaltools.gnu-tools-for-stm32.11.3.rel1.linux64_1.1.100.202309141235/tools/bin/../lib/gcc/arm-none-eabi/11.3.1/../../../../arm-none-eabi/lib/thumb/v7e-m+fp/hard/libc_nano.a(libc_a-setbuf.o)
                              ./Core/Src/main.o (setbuf)
/home/mahyar/st/stm32cubeide_1.14.0_2/plugins/com.st.stm32cube.ide.mcu.externaltools.gnu-tools-for-stm32.11.3.rel1.linux64_1.1.100.202309141235/tools/bin/../lib/gcc/arm-none-eabi/11.3.1/../../../../arm-none-eabi/lib/thumb/v7e-m+fp/hard/libc_nano.a(libc_a-setvbuf.o)
                              /home/mahyar/st/stm32cubeide_1.14.0_2/plugins/com.st.stm32cube.ide.mcu.externaltools.gnu-tools-for-stm32.11.3.rel1.linux64_1.1.100.202309141235/tools/bin/../lib/gcc/arm-none-eabi/11.3.1/../../../../arm-none-eabi/lib/thumb/v7e-m+fp/hard/libc_nano.a(libc_a-setbuf.o) (setvbuf)
/home/mahyar/st/stm32cubeide_1.14.0_2/plugins/com.st.stm32cube.ide.mcu.externaltools.gnu-tools-for-stm32.11.3.rel1.linux64_1.1.100.202309141235/tools/bin/../lib/gcc/arm-none-eabi/11.3.1/../../../../arm-none-eabi/lib/thumb/v7e-m+fp/hard/libc_nano.a(libc_a-stdio.o)
                              /home/mahyar/st/stm32cubeide_1.14.0_2/plugins/com.st.stm32cube.ide.mcu.externaltools.gnu-tools-for-stm32.11.3.rel1.linux64_1.1.100.202309141235/tools/bin/../lib/gcc/arm-none-eabi/11.3.1/../../../../arm-none-eabi/lib/thumb/v7e-m+fp/hard/libc_nano.a(libc_a-findfp.o) (__sread)
/home/mahyar/st/stm32cubeide_1.14.0_2/plugins/com.st.stm32cube.ide.mcu.externaltools.gnu-tools-for-stm32.11.3.rel1.linux64_1.1.100.202309141235/tools/bin/../lib/gcc/arm-none-eabi/11.3.1/../../../../arm-none-eabi/lib/thumb/v7e-m+fp/hard/libc_nano.a(libc_a-wbuf.o)
                              /home/mahyar/st/stm32cubeide_1.14.0_2/plugins/com.st.stm32cube.ide.mcu.externaltools.gnu-tools-for-stm32.11.3.rel1.linux64_1.1.100.202309141235/tools/bin/../lib/gcc/arm-none-eabi/11.3.1/../../../../arm-none-eabi/lib/thumb/v7e-m+fp/hard/libc_nano.a(libc_a-puts.o) (__swbuf_r)
/home/mahyar/st/stm32cubeide_1.14.0_2/plugins/com.st.stm32cube.ide.mcu.externaltools.gnu-tools-for-stm32.11.3.rel1.linux64_1.1.100.202309141235/tools/bin/../lib/gcc/arm-none-eabi/11.3.1/../../../../arm-none-eabi/lib/thumb/v7e-m+fp/hard/libc_nano.a(libc_a-wsetup.o)
[...]
Memory Configuration

Name             Origin             Length             Attributes
RAM              0x0000000020000000 0x0000000000010000 xrw
FLASH            0x0000000008000000 0x0000000000040000 xr
*default*        0x0000000000000000 0xffffffffffffffff

Linker script and memory map

LOAD /home/mahyar/st/stm32cubeide_1.14.0_2/plugins/com.st.stm32cube.ide.mcu.externaltools.gnu-tools-for-stm32.11.3.rel1.linux64_1.1.100.202309141235/tools/bin/../lib/gcc/arm-none-eabi/11.3.1/thumb/v7e-m+fp/hard/crti.o
LOAD /home/mahyar/st/stm32cubeide_1.14.0_2/plugins/com.st.stm32cube.ide.mcu.externaltools.gnu-tools-for-stm32.11.3.rel1.linux64_1.1.100.202309141235/tools/bin/../lib/gcc/arm-none-eabi/11.3.1/thumb/v7e-m+fp/hard/crtbegin.o
LOAD /home/mahyar/st/stm32cubeide_1.14.0_2/plugins/com.st.stm32cube.ide.mcu.externaltools.gnu-tools-for-stm32.11.3.rel1.linux64_1.1.100.202309141235/tools/bin/../lib/gcc/arm-none-eabi/11.3.1/../../../../arm-none-eabi/lib/thumb/v7e-m+fp/hard/crt0.o
LOAD ./Core/Src/main.o
LOAD ./Core/Src/stm32f4xx_hal_msp.o
LOAD ./Core/Src/stm32f4xx_it.o
LOAD ./Core/Src/syscalls.o
LOAD ./Core/Src/sysmem.o
LOAD ./Core/Src/system_stm32f4xx.o
LOAD ./Core/Src/w5500/W5500/w5500.o
LOAD ./Core/Src/w5500/socket.o
LOAD ./Core/Src/w5500/w5500_phy.o
LOAD ./Core/Src/w5500/w5500_spi.o
LOAD ./Core/Src/w5500/wizchip_conf.o
LOAD ./Core/Startup/startup_stm32f401rctx.o
LOAD ./Drivers/STM32F4xx_HAL_Driver/Src/stm32f4xx_hal.o
LOAD ./Drivers/STM32F4xx_HAL_Driver/Src/stm32f4xx_hal_cortex.o
LOAD ./Drivers/STM32F4xx_HAL_Driver/Src/stm32f4xx_hal_dma.o
LOAD ./Drivers/STM32F4xx_HAL_Driver/Src/stm32f4xx_hal_dma_ex.o
LOAD ./Drivers/STM32F4xx_HAL_Driver/Src/stm32f4xx_hal_exti.o
LOAD ./Drivers/STM32F4xx_HAL_Driver/Src/stm32f4xx_hal_flash.o
LOAD ./Drivers/STM32F4xx_HAL_Driver/Src/stm32f4xx_hal_flash_ex.o
LOAD ./Drivers/STM32F4xx_HAL_Driver/Src/stm32f4xx_hal_flash_ramfunc.o
LOAD ./Drivers/STM32F4xx_HAL_Driver/Src/stm32f4xx_hal_gpio.o
LOAD ./Drivers/STM32F4xx_HAL_Driver/Src/stm32f4xx_hal_pwr.o
LOAD ./Drivers/STM32F4xx_HAL_Driver/Src/stm32f4xx_hal_pwr_ex.o
LOAD ./Drivers/STM32F4xx_HAL_Driver/Src/stm32f4xx_hal_rcc.o
LOAD ./Drivers/STM32F4xx_HAL_Driver/Src/stm32f4xx_hal_rcc_ex.o
LOAD ./Drivers/STM32F4xx_HAL_Driver/Src/stm32f4xx_hal_spi.o
LOAD ./Drivers/STM32F4xx_HAL_Driver/Src/stm32f4xx_hal_tim.o
LOAD ./Drivers/STM32F4xx_HAL_Driver/Src/stm32f4xx_hal_tim_ex.o
LOAD ./Drivers/STM32F4xx_HAL_Driver/Src/stm32f4xx_hal_uart.o
START GROUP
LOAD /home/mahyar/st/stm32cubeide_1.14.0_2/plugins/com.st.stm32cube.ide.mcu.externaltools.gnu-tools-for-stm32.11.3.rel1.linux64_1.1.100.202309141235/tools/bin/../lib/gcc/arm-none-eabi/11.3.1/../../../../arm-none-eabi/lib/thumb/v7e-m+fp/hard/libc_nano.a
LOAD /home/mahyar/st/stm32cubeide_1.14.0_2/plugins/com.st.stm32cube.ide.mcu.externaltools.gnu-tools-for-stm32.11.3.rel1.linux64_1.1.100.202309141235/tools/bin/../lib/gcc/arm-none-eabi/11.3.1/../../../../arm-none-eabi/lib/thumb/v7e-m+fp/hard/libm.a
END GROUP
START GROUP
LOAD /home/mahyar/st/stm32cubeide_1.14.0_2/plugins/com.st.stm32cube.ide.mcu.externaltools.gnu-tools-for-stm32.11.3.rel1.linux64_1.1.100.202309141235/tools/bin/../lib/gcc/arm-none-eabi/11.3.1/thumb/v7e-m+fp/hard/libgcc.a
LOAD /home/mahyar/st/stm32cubeide_1.14.0_2/plugins/com.st.stm32cube.ide.mcu.externaltools.gnu-tools-for-stm32.11.3.rel1.linux64_1.1.100.202309141235/tools/bin/../lib/gcc/arm-none-eabi/11.3.1/../../../../arm-none-eabi/lib/thumb/v7e-m+fp/hard/libc_nano.a
END GROUP
START GROUP
LOAD /home/mahyar/st/stm32cubeide_1.14.0_2/plugins/com.st.stm32cube.ide.mcu.externaltools.gnu-tools-for-stm32.11.3.rel1.linux64_1.1.100.202309141235/tools/bin/../lib/gcc/arm-none-eabi/11.3.1/thumb/v7e-m+fp/hard/libgcc.a
LOAD /home/mahyar/st/stm32cubeide_1.14.0_2/plugins/com.st.stm32cube.ide.mcu.externaltools.gnu-tools-for-stm32.11.3.rel1.linux64_1.1.100.202309141235/tools/bin/../lib/gcc/arm-none-eabi/11.3.1/../../../../arm-none-eabi/lib/thumb/v7e-m+fp/hard/libc_nano.a
LOAD /home/mahyar/st/stm32cubeide_1.14.0_2/plugins/com.st.stm32cube.ide.mcu.externaltools.gnu-tools-for-stm32.11.3.rel1.linux64_1.1.100.202309141235/tools/bin/../lib/gcc/arm-none-eabi/11.3.1/../../../../arm-none-eabi/lib/thumb/v7e-m+fp/hard/libnosys.a
END GROUP
START GROUP
LOAD /home/mahyar/st/stm32cubeide_1.14.0_2/plugins/com.st.stm32cube.ide.mcu.externaltools.gnu-tools-for-stm32.11.3.rel1.linux64_1.1.100.202309141235/tools/bin/../lib/gcc/arm-none-eabi/11.3.1/thumb/v7e-m+fp/hard/libgcc.a
LOAD /home/mahyar/st/stm32cubeide_1.14.0_2/plugins/com.st.stm32cube.ide.mcu.externaltools.gnu-tools-for-stm32.11.3.rel1.linux64_1.1.100.202309141235/tools/bin/../lib/gcc/arm-none-eabi/11.3.1/../../../../arm-none-eabi/lib/thumb/v7e-m+fp/hard/libc_nano.a
LOAD /home/mahyar/st/stm32cubeide_1.14.0_2/plugins/com.st.stm32cube.ide.mcu.externaltools.gnu-tools-for-stm32.11.3.rel1.linux64_1.1.100.202309141235/tools/bin/../lib/gcc/arm-none-eabi/11.3.1/../../../../arm-none-eabi/lib/thumb/v7e-m+fp/hard/libnosys.a
END GROUP
LOAD /home/mahyar/st/stm32cubeide_1.14.0_2/plugins/com.st.stm32cube.ide.mcu.externaltools.gnu-tools-for-stm32.11.3.rel1.linux64_1.1.100.202309141235/tools/bin/../lib/gcc/arm-none-eabi/11.3.1/thumb/v7e-m+fp/hard/crtend.o
LOAD /home/mahyar/st/stm32cubeide_1.14.0_2/plugins/com.st.stm32cube.ide.mcu.externaltools.gnu-tools-for-stm32.11.3.rel1.linux64_1.1.100.202309141235/tools/bin/../lib/gcc/arm-none-eabi/11.3.1/thumb/v7e-m+fp/hard/crtn.o
                0x0000000020010000                _estack = (ORIGIN (RAM) + LENGTH (RAM))
                0x0000000000000200                _Min_Heap_Size = 0x200
                0x0000000000000400                _Min_Stack_Size = 0x400

.isr_vector     0x0000000008000000      0x194
                0x0000000008000000                . = ALIGN (0x4)
 *(.isr_vector)
 .isr_vector    0x0000000008000000      0x194 ./Core/Startup/startup_stm32f401rctx.o
                0x0000000008000000                g_pfnVectors
                0x0000000008000194                . = ALIGN (0x4)

.text           0x00000000080001a0     0x42e4
                0x00000000080001a0                . = ALIGN (0x4)
 *(.text)
 .text          0x00000000080001a0       0x40 /home/mahyar/st/stm32cubeide_1.14.0_2/plugins/com.st.stm32cube.ide.mcu.externaltools.gnu-tools-for-stm32.11.3.rel1.linux64_1.1.100.202309141235/tools/bin/../lib/gcc/arm-none-eabi/11.3.1/thumb/v7e-m+fp/hard/crtbegin.o
 .text          0x00000000080001e0       0xa0 /home/mahyar/st/stm32cubeide_1.14.0_2/plugins/com.st.stm32cube.ide.mcu.externaltools.gnu-tools-for-stm32.11.3.rel1.linux64_1.1.100.202309141235/tools/bin/../lib/gcc/arm-none-eabi/11.3.1/../../../../arm-none-eabi/lib/thumb/v7e-m+fp/hard/libc_nano.a(libc_a-memchr.o)
                0x00000000080001e0                memchr
 .text          0x0000000008000280       0x30 /home/mahyar/st/stm32cubeide_1.14.0_2/plugins/com.st.stm32cube.ide.mcu.externaltools.gnu-tools-for-stm32.11.3.rel1.linux64_1.1.100.202309141235/tools/bin/../lib/gcc/arm-none-eabi/11.3.1/thumb/v7e-m+fp/hard/libgcc.a(_aeabi_uldivmod.o)
                0x0000000008000280                __aeabi_uldivmod
 .text          0x00000000080002b0      0x2c8 /home/mahyar/st/stm32cubeide_1.14.0_2/plugins/com.st.stm32cube.ide.mcu.externaltools.gnu-tools-for-stm32.11.3.rel1.linux64_1.1.100.202309141235/tools/bin/../lib/gcc/arm-none-eabi/11.3.1/thumb/v7e-m+fp/hard/libgcc.a(_udivmoddi4.o)
                0x00000000080002b0                __udivmoddi4
 .text          0x0000000008000578        0x4 /home/mahyar/st/stm32cubeide_1.14.0_2/plugins/com.st.stm32cube.ide.mcu.externaltools.gnu-tools-for-stm32.11.3.rel1.linux64_1.1.100.202309141235/tools/bin/../lib/gcc/arm-none-eabi/11.3.1/thumb/v7e-m+fp/hard/libgcc.a(_dvmd_tls.o)
                0x0000000008000578                __aeabi_ldiv0
                0x0000000008000578                __aeabi_idiv0
 *(.text*)
 .text.main     0x000000000800057c       0x70 ./Core/Src/main.o
                0x000000000800057c                main
 .text.write_data_uart1
                0x00000000080005ec       0x34 ./Core/Src/main.o
 .text.__io_putchar
                0x0000000008000620       0x1c ./Core/Src/main.o
                0x0000000008000620                __io_putchar
 .text.SystemClock_Config
                0x000000000800063c       0xc0 ./Core/Src/main.o
                0x000000000800063c                SystemClock_Config
 .text.MX_SPI1_Init
                0x00000000080006fc       0x7c ./Core/Src/main.o
 .text.MX_USART1_UART_Init
                0x0000000008000778       0x54 ./Core/Src/main.o
 .text.MX_GPIO_Init
                0x00000000080007cc       0x64 ./Core/Src/main.o
 .text.Error_Handler
                0x0000000008000830        0xa ./Core/Src/main.o
                0x0000000008000830                Error_Handler
 *fill*         0x000000000800083a        0x2 
 .text.HAL_MspInit
                0x000000000800083c       0x50 ./Core/Src/stm32f4xx_hal_msp.o
                0x000000000800083c                HAL_MspInit
 .text.HAL_SPI_MspInit
                0x000000000800088c       0x90 ./Core/Src/stm32f4xx_hal_msp.o
                0x000000000800088c                HAL_SPI_MspInit
 .text.HAL_UART_MspInit
                0x000000000800091c       0x90 ./Core/Src/stm32f4xx_hal_msp.o
                0x000000000800091c                HAL_UART_MspInit
 .text.NMI_Handler
                0x00000000080009ac        0x6 ./Core/Src/stm32f4xx_it.o
                0x00000000080009ac                NMI_Handler
 .text.HardFault_Handler
                0x00000000080009b2        0x6 ./Core/Src/stm32f4xx_it.o
                0x00000000080009b2                HardFault_Handler
 .text.MemManage_Handler
                0x00000000080009b8        0x6 ./Core/Src/stm32f4xx_it.o
                0x00000000080009b8                MemManage_Handler
 .text.BusFault_Handler
                0x00000000080009be        0x6 ./Core/Src/stm32f4xx_it.o
                0x00000000080009be                BusFault_Handler
 .text.UsageFault_Handler
                0x00000000080009c4        0x6 ./Core/Src/stm32f4xx_it.o
                0x00000000080009c4                UsageFault_Handler
 .text.SVC_Handler
                0x00000000080009ca        0xe ./Core/Src/stm32f4xx_it.o
                0x00000000080009ca                SVC_Handler
 .text.DebugMon_Handler
                0x00000000080009d8        0xe ./Core/Src/stm32f4xx_it.o
                0x00000000080009d8                DebugMon_Handler
 .text.PendSV_Handler
                0x00000000080009e6        0xe ./Core/Src/stm32f4xx_it.o
                0x00000000080009e6                PendSV_Handler
 .text.SysTick_Handler
                0x00000000080009f4        0xc ./Core/Src/stm32f4xx_it.o
                0x00000000080009f4                SysTick_Handler
 .text._read    0x0000000008000a00       0x3a ./Core/Src/syscalls.o
                0x0000000008000a00                _read
 .text._write   0x0000000008000a3a       0x38 ./Core/Src/syscalls.o
                0x0000000008000a3a                _write
 .text._close   0x0000000008000a72       0x18 ./Core/Src/syscalls.o
                0x0000000008000a72                _close
 .text._fstat   0x0000000008000a8a       0x20 ./Core/Src/syscalls.o
                0x0000000008000a8a                _fstat
 .text._isatty  0x0000000008000aaa       0x16 ./Core/Src/syscalls.o
                0x0000000008000aaa                _isatty
 .text._lseek   0x0000000008000ac0       0x1a ./Core/Src/syscalls.o
                0x0000000008000ac0                _lseek
 *fill*         0x0000000008000ada        0x2 
 .text._sbrk    0x0000000008000adc       0x6c ./Core/Src/sysmem.o
                0x0000000008000adc                _sbrk
 .text.SystemInit
                0x0000000008000b48       0x24 ./Core/Src/system_stm32f4xx.o
                0x0000000008000b48                SystemInit
 .text.WIZCHIP_READ
                0x0000000008000b6c       0x98 ./Core/Src/w5500/W5500/w5500.o
                0x0000000008000b6c                WIZCHIP_READ
 .text.WIZCHIP_WRITE
                0x0000000008000c04       0x9c ./Core/Src/w5500/W5500/w5500.o
                0x0000000008000c04                WIZCHIP_WRITE
 .text.WIZCHIP_READ_BUF
                0x0000000008000ca0       0xc0 ./Core/Src/w5500/W5500/w5500.o
                0x0000000008000ca0                WIZCHIP_READ_BUF
 .text.WIZCHIP_WRITE_BUF
                0x0000000008000d60       0xc0 ./Core/Src/w5500/W5500/w5500.o
                0x0000000008000d60                WIZCHIP_WRITE_BUF
 .text.check_cable_presence
                0x0000000008000e20       0x6c ./Core/Src/w5500/w5500_phy.o
                0x0000000008000e20                check_cable_presence
 .text.check_phy_status
                0x0000000008000e8c      0x140 ./Core/Src/w5500/w5500_phy.o
                0x0000000008000e8c                check_phy_status
 .text.print_current_host_configuration
                0x0000000008000fcc       0xb0 ./Core/Src/w5500/w5500_phy.o
                0x0000000008000fcc                print_current_host_configuration
 .text.SPIReadWrite
                0x000000000800107c       0x50 ./Core/Src/w5500/w5500_spi.o
                0x000000000800107c                SPIReadWrite
 .text.wizchip_deselect
                0x00000000080010cc       0x18 ./Core/Src/w5500/w5500_spi.o
                0x00000000080010cc                wizchip_deselect
 .text.wizchip_select
                0x00000000080010e4       0x18 ./Core/Src/w5500/w5500_spi.o
                0x00000000080010e4                wizchip_select
 .text.wizchip_read
                0x00000000080010fc       0x10 ./Core/Src/w5500/w5500_spi.o
                0x00000000080010fc                wizchip_read
 .text.wizchip_write
                0x000000000800110c       0x1a ./Core/Src/w5500/w5500_spi.o
                0x000000000800110c                wizchip_write
 .text.wizchip_read_burst
                0x0000000008001126       0x38 ./Core/Src/w5500/w5500_spi.o
                0x0000000008001126                wizchip_read_burst
 .text.wizchip_write_burst
                0x000000000800115e       0x38 ./Core/Src/w5500/w5500_spi.o
                0x000000000800115e                wizchip_write_burst
 *fill*         0x0000000008001196        0x2 
 .text.w5500_pins_init
                0x0000000008001198       0x5c ./Core/Src/w5500/w5500_spi.o
                0x0000000008001198                w5500_pins_init
 .text.w5500_init
                0x00000000080011f4       0xac ./Core/Src/w5500/w5500_spi.o
                0x00000000080011f4                w5500_init
 .text.wizchip_cris_enter
                0x00000000080012a0        0xe ./Core/Src/w5500/wizchip_conf.o
                0x00000000080012a0                wizchip_cris_enter
 .text.wizchip_cris_exit
                0x00000000080012ae        0xe ./Core/Src/w5500/wizchip_conf.o
                0x00000000080012ae                wizchip_cris_exit
 .text.wizchip_cs_select
                0x00000000080012bc        0xe ./Core/Src/w5500/wizchip_conf.o
                0x00000000080012bc                wizchip_cs_select
 .text.wizchip_cs_deselect
                0x00000000080012ca        0xe ./Core/Src/w5500/wizchip_conf.o
                0x00000000080012ca                wizchip_cs_deselect
 .text.wizchip_bus_readdata
                0x00000000080012d8       0x1a ./Core/Src/w5500/wizchip_conf.o
                0x00000000080012d8                wizchip_bus_readdata
 .text.wizchip_bus_writedata
                0x00000000080012f2       0x1e ./Core/Src/w5500/wizchip_conf.o
                0x00000000080012f2                wizchip_bus_writedata
 .text.wizchip_spi_readbyte
                0x0000000008001310       0x10 ./Core/Src/w5500/wizchip_conf.o
                0x0000000008001310                wizchip_spi_readbyte
 .text.wizchip_spi_writebyte
                0x0000000008001320       0x16 ./Core/Src/w5500/wizchip_conf.o
                0x0000000008001320                wizchip_spi_writebyte
 .text.wizchip_spi_readburst
                0x0000000008001336       0x18 ./Core/Src/w5500/wizchip_conf.o
                0x0000000008001336                wizchip_spi_readburst
 .text.wizchip_spi_writeburst
                0x000000000800134e       0x18 ./Core/Src/w5500/wizchip_conf.o
                0x000000000800134e                wizchip_spi_writeburst
 *fill*         0x0000000008001366        0x2 
 .text.reg_wizchip_cs_cbfunc
                0x0000000008001368       0x4c ./Core/Src/w5500/wizchip_conf.o
                0x0000000008001368                reg_wizchip_cs_cbfunc
 .text.reg_wizchip_spi_cbfunc
                0x00000000080013b4       0x58 ./Core/Src/w5500/wizchip_conf.o
                0x00000000080013b4                reg_wizchip_spi_cbfunc
 .text.reg_wizchip_spiburst_cbfunc
                0x000000000800140c       0x58 ./Core/Src/w5500/wizchip_conf.o
                0x000000000800140c                reg_wizchip_spiburst_cbfunc
 .text.ctlwizchip
                0x0000000008001464      0x1c4 ./Core/Src/w5500/wizchip_conf.o
                0x0000000008001464                ctlwizchip
 .text.ctlnetwork
                0x0000000008001628       0x7c ./Core/Src/w5500/wizchip_conf.o
                0x0000000008001628                ctlnetwork
 .text.wizchip_sw_reset
                0x00000000080016a4       0x98 ./Core/Src/w5500/wizchip_conf.o
                0x00000000080016a4                wizchip_sw_reset
 .text.wizchip_init
                0x000000000800173c      0x118 ./Core/Src/w5500/wizchip_conf.o
                0x000000000800173c                wizchip_init
 .text.wizchip_clrinterrupt
                0x0000000008001854       0x68 ./Core/Src/w5500/wizchip_conf.o
                0x0000000008001854                wizchip_clrinterrupt
 .text.wizchip_getinterrupt
                0x00000000080018bc       0x4a ./Core/Src/w5500/wizchip_conf.o
                0x00000000080018bc                wizchip_getinterrupt
 .text.wizchip_setinterruptmask
                0x0000000008001906       0x36 ./Core/Src/w5500/wizchip_conf.o
                0x0000000008001906                wizchip_setinterruptmask
 .text.wizchip_getinterruptmask
                0x000000000800193c       0x46 ./Core/Src/w5500/wizchip_conf.o
                0x000000000800193c                wizchip_getinterruptmask
 .text.wizphy_getphylink
                0x0000000008001982       0x2c ./Core/Src/w5500/wizchip_conf.o
                0x0000000008001982                wizphy_getphylink
 .text.wizphy_getphypmode
                0x00000000080019ae       0x32 ./Core/Src/w5500/wizchip_conf.o
                0x00000000080019ae                wizphy_getphypmode
 .text.wizphy_reset
                0x00000000080019e0       0x4e ./Core/Src/w5500/wizchip_conf.o
                0x00000000080019e0                wizphy_reset
 .text.wizphy_setphyconf
                0x0000000008001a2e       0x84 ./Core/Src/w5500/wizchip_conf.o
                0x0000000008001a2e                wizphy_setphyconf
 *fill*         0x0000000008001ab2        0x2 
 .text.wizphy_getphyconf
                0x0000000008001ab4       0xd4 ./Core/Src/w5500/wizchip_conf.o
                0x0000000008001ab4                wizphy_getphyconf
 .text.wizphy_setphypmode
                0x0000000008001b88       0x94 ./Core/Src/w5500/wizchip_conf.o
                0x0000000008001b88                wizphy_setphypmode
 .text.wizchip_setnetinfo
                0x0000000008001c1c       0x80 ./Core/Src/w5500/wizchip_conf.o
                0x0000000008001c1c                wizchip_setnetinfo
 .text.wizchip_getnetinfo
                0x0000000008001c9c       0x80 ./Core/Src/w5500/wizchip_conf.o
                0x0000000008001c9c                wizchip_getnetinfo
 .text.wizchip_setnetmode
                0x0000000008001d1c       0x44 ./Core/Src/w5500/wizchip_conf.o
                0x0000000008001d1c                wizchip_setnetmode
 .text.wizchip_getnetmode
                0x0000000008001d60       0x10 ./Core/Src/w5500/wizchip_conf.o
                0x0000000008001d60                wizchip_getnetmode
 .text.wizchip_settimeout
                0x0000000008001d70       0x42 ./Core/Src/w5500/wizchip_conf.o
                0x0000000008001d70                wizchip_settimeout
 .text.wizchip_gettimeout
                0x0000000008001db2       0x44 ./Core/Src/w5500/wizchip_conf.o
                0x0000000008001db2                wizchip_gettimeout
 *fill*         0x0000000008001df6        0x2 
 .text.Reset_Handler
                0x0000000008001df8       0x50 ./Core/Startup/startup_stm32f401rctx.o
                0x0000000008001df8                Reset_Handler
 .text.Default_Handler
                0x0000000008001e48        0x2 ./Core/Startup/startup_stm32f401rctx.o
                0x0000000008001e48                RTC_Alarm_IRQHandler
                0x0000000008001e48                EXTI2_IRQHandler
                0x0000000008001e48                SPI4_IRQHandler
                0x0000000008001e48                TIM1_CC_IRQHandler
                0x0000000008001e48                DMA2_Stream5_IRQHandler
                0x0000000008001e48                DMA1_Stream5_IRQHandler
                0x0000000008001e48                PVD_IRQHandler
                0x0000000008001e48                SDIO_IRQHandler
                0x0000000008001e48                TAMP_STAMP_IRQHandler
                0x0000000008001e48                EXTI3_IRQHandler
                0x0000000008001e48                TIM1_UP_TIM10_IRQHandler
                0x0000000008001e48                I2C3_ER_IRQHandler
                0x0000000008001e48                EXTI0_IRQHandler
                0x0000000008001e48                I2C2_EV_IRQHandler
                0x0000000008001e48                DMA1_Stream2_IRQHandler
                0x0000000008001e48                FPU_IRQHandler
                0x0000000008001e48                DMA2_Stream2_IRQHandler
                0x0000000008001e48                SPI1_IRQHandler
                0x0000000008001e48                TIM1_BRK_TIM9_IRQHandler
                0x0000000008001e48                DMA2_Stream3_IRQHandler
                0x0000000008001e48                USART6_IRQHandler
                0x0000000008001e48                DMA2_Stream0_IRQHandler
                0x0000000008001e48                TIM4_IRQHandler
                0x0000000008001e48                I2C1_EV_IRQHandler
                0x0000000008001e48                DMA1_Stream6_IRQHandler
                0x0000000008001e48                DMA1_Stream1_IRQHandler
                0x0000000008001e48                TIM3_IRQHandler
                0x0000000008001e48                RCC_IRQHandler
                0x0000000008001e48                Default_Handler
                0x0000000008001e48                EXTI15_10_IRQHandler
                0x0000000008001e48                ADC_IRQHandler
                0x0000000008001e48                DMA1_Stream7_IRQHandler
                0x0000000008001e48                TIM5_IRQHandler
                0x0000000008001e48                DMA2_Stream7_IRQHandler
                0x0000000008001e48                I2C3_EV_IRQHandler
                0x0000000008001e48                EXTI9_5_IRQHandler
                0x0000000008001e48                RTC_WKUP_IRQHandler
                0x0000000008001e48                SPI2_IRQHandler
                0x0000000008001e48                DMA1_Stream0_IRQHandler
                0x0000000008001e48                EXTI4_IRQHandler
                0x0000000008001e48                WWDG_IRQHandler
                0x0000000008001e48                TIM2_IRQHandler
                0x0000000008001e48                OTG_FS_WKUP_IRQHandler
                0x0000000008001e48                TIM1_TRG_COM_TIM11_IRQHandler
                0x0000000008001e48                EXTI1_IRQHandler
                0x0000000008001e48                USART2_IRQHandler
                0x0000000008001e48                I2C2_ER_IRQHandler
                0x0000000008001e48                DMA2_Stream1_IRQHandler
                0x0000000008001e48                FLASH_IRQHandler
                0x0000000008001e48                DMA2_Stream4_IRQHandler
                0x0000000008001e48                USART1_IRQHandler
                0x0000000008001e48                OTG_FS_IRQHandler
                0x0000000008001e48                SPI3_IRQHandler
                0x0000000008001e48                DMA1_Stream4_IRQHandler
                0x0000000008001e48                I2C1_ER_IRQHandler
                0x0000000008001e48                DMA2_Stream6_IRQHandler
                0x0000000008001e48                DMA1_Stream3_IRQHandler
 *fill*         0x0000000008001e4a        0x2 
 .text.HAL_Init
                0x0000000008001e4c       0x44 ./Drivers/STM32F4xx_HAL_Driver/Src/stm32f4xx_hal.o
                0x0000000008001e4c                HAL_Init
 .text.HAL_InitTick
                0x0000000008001e90       0x60 ./Drivers/STM32F4xx_HAL_Driver/Src/stm32f4xx_hal.o
                0x0000000008001e90                HAL_InitTick
 .text.HAL_IncTick
                0x0000000008001ef0       0x28 ./Drivers/STM32F4xx_HAL_Driver/Src/stm32f4xx_hal.o
                0x0000000008001ef0                HAL_IncTick
 .text.HAL_GetTick
                0x0000000008001f18       0x18 ./Drivers/STM32F4xx_HAL_Driver/Src/stm32f4xx_hal.o
                0x0000000008001f18                HAL_GetTick
 .text.HAL_Delay
                0x0000000008001f30       0x48 ./Drivers/STM32F4xx_HAL_Driver/Src/stm32f4xx_hal.o
                0x0000000008001f30                HAL_Delay
 .text.__NVIC_SetPriorityGrouping
                0x0000000008001f78       0x48 ./Drivers/STM32F4xx_HAL_Driver/Src/stm32f4xx_hal_cortex.o
 .text.__NVIC_GetPriorityGrouping
                0x0000000008001fc0       0x1c ./Drivers/STM32F4xx_HAL_Driver/Src/stm32f4xx_hal_cortex.o
 .text.__NVIC_SetPriority
                0x0000000008001fdc       0x54 ./Drivers/STM32F4xx_HAL_Driver/Src/stm32f4xx_hal_cortex.o
 .text.NVIC_EncodePriority
                0x0000000008002030       0x66 ./Drivers/STM32F4xx_HAL_Driver/Src/stm32f4xx_hal_cortex.o
 *fill*         0x0000000008002096        0x2 
 .text.SysTick_Config
                0x0000000008002098       0x44 ./Drivers/STM32F4xx_HAL_Driver/Src/stm32f4xx_hal_cortex.o
 .text.HAL_NVIC_SetPriorityGrouping
                0x00000000080020dc       0x16 ./Drivers/STM32F4xx_HAL_Driver/Src/stm32f4xx_hal_cortex.o
                0x00000000080020dc                HAL_NVIC_SetPriorityGrouping
 .text.HAL_NVIC_SetPriority
                0x00000000080020f2       0x38 ./Drivers/STM32F4xx_HAL_Driver/Src/stm32f4xx_hal_cortex.o
                0x00000000080020f2                HAL_NVIC_SetPriority
 .text.HAL_SYSTICK_Config
                0x000000000800212a       0x18 ./Drivers/STM32F4xx_HAL_Driver/Src/stm32f4xx_hal_cortex.o
                0x000000000800212a                HAL_SYSTICK_Config
 *fill*         0x0000000008002142        0x2 
 .text.HAL_GPIO_Init
                0x0000000008002144      0x308 ./Drivers/STM32F4xx_HAL_Driver/Src/stm32f4xx_hal_gpio.o
                0x0000000008002144                HAL_GPIO_Init
 .text.HAL_GPIO_WritePin
                0x000000000800244c       0x32 ./Drivers/STM32F4xx_HAL_Driver/Src/stm32f4xx_hal_gpio.o
                0x000000000800244c                HAL_GPIO_WritePin
 *fill*         0x000000000800247e        0x2 
 .text.HAL_RCC_OscConfig
                0x0000000008002480      0x4f0 ./Drivers/STM32F4xx_HAL_Driver/Src/stm32f4xx_hal_rcc.o
                0x0000000008002480                HAL_RCC_OscConfig
 .text.HAL_RCC_ClockConfig
                0x0000000008002970      0x1cc ./Drivers/STM32F4xx_HAL_Driver/Src/stm32f4xx_hal_rcc.o
                0x0000000008002970                HAL_RCC_ClockConfig
 .text.HAL_RCC_GetSysClockFreq
                0x0000000008002b3c      0x18c ./Drivers/STM32F4xx_HAL_Driver/Src/stm32f4xx_hal_rcc.o
                0x0000000008002b3c                HAL_RCC_GetSysClockFreq
 .text.HAL_RCC_GetHCLKFreq
                0x0000000008002cc8       0x18 ./Drivers/STM32F4xx_HAL_Driver/Src/stm32f4xx_hal_rcc.o
                0x0000000008002cc8                HAL_RCC_GetHCLKFreq
 .text.HAL_RCC_GetPCLK1Freq
                0x0000000008002ce0       0x28 ./Drivers/STM32F4xx_HAL_Driver/Src/stm32f4xx_hal_rcc.o
                0x0000000008002ce0                HAL_RCC_GetPCLK1Freq
 .text.HAL_RCC_GetPCLK2Freq
                0x0000000008002d08       0x28 ./Drivers/STM32F4xx_HAL_Driver/Src/stm32f4xx_hal_rcc.o
                0x0000000008002d08                HAL_RCC_GetPCLK2Freq
 .text.HAL_SPI_Init
                0x0000000008002d30      0x112 ./Drivers/STM32F4xx_HAL_Driver/Src/stm32f4xx_hal_spi.o
                0x0000000008002d30                HAL_SPI_Init
 .text.HAL_UART_Init
                0x0000000008002e42       0xa0 ./Drivers/STM32F4xx_HAL_Driver/Src/stm32f4xx_hal_uart.o
                0x0000000008002e42                HAL_UART_Init
 *fill*         0x0000000008002ee2        0x2 
 .text.UART_SetConfig
                0x0000000008002ee4      0x4e8 ./Drivers/STM32F4xx_HAL_Driver/Src/stm32f4xx_hal_uart.o
 .text.std      0x00000000080033cc       0x6c /home/mahyar/st/stm32cubeide_1.14.0_2/plugins/com.st.stm32cube.ide.mcu.externaltools.gnu-tools-for-stm32.11.3.rel1.linux64_1.1.100.202309141235/tools/bin/../lib/gcc/arm-none-eabi/11.3.1/../../../../arm-none-eabi/lib/thumb/v7e-m+fp/hard/libc_nano.a(libc_a-findfp.o)
 .text.stdio_exit_handler
                0x0000000008003438       0x18 /home/mahyar/st/stm32cubeide_1.14.0_2/plugins/com.st.stm32cube.ide.mcu.externaltools.gnu-tools-for-stm32.11.3.rel1.linux64_1.1.100.202309141235/tools/bin/../lib/gcc/arm-none-eabi/11.3.1/../../../../arm-none-eabi/lib/thumb/v7e-m+fp/hard/libc_nano.a(libc_a-findfp.o)
 .text.cleanup_stdio
                0x0000000008003450       0x40 /home/mahyar/st/stm32cubeide_1.14.0_2/plugins/com.st.stm32cube.ide.mcu.externaltools.gnu-tools-for-stm32.11.3.rel1.linux64_1.1.100.202309141235/tools/bin/../lib/gcc/arm-none-eabi/11.3.1/../../../../arm-none-eabi/lib/thumb/v7e-m+fp/hard/libc_nano.a(libc_a-findfp.o)
 .text.global_stdio_init.part.0
                0x0000000008003490       0x3c /home/mahyar/st/stm32cubeide_1.14.0_2/plugins/com.st.stm32cube.ide.mcu.externaltools.gnu-tools-for-stm32.11.3.rel1.linux64_1.1.100.202309141235/tools/bin/../lib/gcc/arm-none-eabi/11.3.1/../../../../arm-none-eabi/lib/thumb/v7e-m+fp/hard/libc_nano.a(libc_a-findfp.o)
 .text.__sfp_lock_acquire
                0x00000000080034cc        0xc /home/mahyar/st/stm32cubeide_1.14.0_2/plugins/com.st.stm32cube.ide.mcu.externaltools.gnu-tools-for-stm32.11.3.rel1.linux64_1.1.100.202309141235/tools/bin/../lib/gcc/arm-none-eabi/11.3.1/../../../../arm-none-eabi/lib/thumb/v7e-m+fp/hard/libc_nano.a(libc_a-findfp.o)
                0x00000000080034cc                __sfp_lock_acquire
 .text.__sfp_lock_release
                0x00000000080034d8        0xc /home/mahyar/st/stm32cubeide_1.14.0_2/plugins/com.st.stm32cube.ide.mcu.externaltools.gnu-tools-for-stm32.11.3.rel1.linux64_1.1.100.202309141235/tools/bin/../lib/gcc/arm-none-eabi/11.3.1/../../../../arm-none-eabi/lib/thumb/v7e-m+fp/hard/libc_nano.a(libc_a-findfp.o)
                0x00000000080034d8                __sfp_lock_release
 .text.__sinit  0x00000000080034e4       0x30 /home/mahyar/st/stm32cubeide_1.14.0_2/plugins/com.st.stm32cube.ide.mcu.externaltools.gnu-tools-for-stm32.11.3.rel1.linux64_1.1.100.202309141235/tools/bin/../lib/gcc/arm-none-eabi/11.3.1/../../../../arm-none-eabi/lib/thumb/v7e-m+fp/hard/libc_nano.a(libc_a-findfp.o)
                0x00000000080034e4                __sinit
 .text._fwalk_sglue
                0x0000000008003514       0x3c /home/mahyar/st/stm32cubeide_1.14.0_2/plugins/com.st.stm32cube.ide.mcu.externaltools.gnu-tools-for-stm32.11.3.rel1.linux64_1.1.100.202309141235/tools/bin/../lib/gcc/arm-none-eabi/11.3.1/../../../../arm-none-eabi/lib/thumb/v7e-m+fp/hard/libc_nano.a(libc_a-fwalk.o)
                0x0000000008003514                _fwalk_sglue
 .text.printf   0x0000000008003550       0x24 /home/mahyar/st/stm32cubeide_1.14.0_2/plugins/com.st.stm32cube.ide.mcu.externaltools.gnu-tools-for-stm32.11.3.rel1.linux64_1.1.100.202309141235/tools/bin/../lib/gcc/arm-none-eabi/11.3.1/../../../../arm-none-eabi/lib/thumb/v7e-m+fp/hard/libc_nano.a(libc_a-printf.o)
                0x0000000008003550                printf
                0x0000000008003550                iprintf
 .text._puts_r  0x0000000008003574       0xa8 /home/mahyar/st/stm32cubeide_1.14.0_2/plugins/com.st.stm32cube.ide.mcu.externaltools.gnu-tools-for-stm32.11.3.rel1.linux64_1.1.100.202309141235/tools/bin/../lib/gcc/arm-none-eabi/11.3.1/../../../../arm-none-eabi/lib/thumb/v7e-m+fp/hard/libc_nano.a(libc_a-puts.o)
                0x0000000008003574                _puts_r
 .text.puts     0x000000000800361c       0x10 /home/mahyar/st/stm32cubeide_1.14.0_2/plugins/com.st.stm32cube.ide.mcu.externaltools.gnu-tools-for-stm32.11.3.rel1.linux64_1.1.100.202309141235/tools/bin/../lib/gcc/arm-none-eabi/11.3.1/../../../../arm-none-eabi/lib/thumb/v7e-m+fp/hard/libc_nano.a(libc_a-puts.o)
                0x000000000800361c                puts
 .text.setbuf   0x000000000800362c       0x10 /home/mahyar/st/stm32cubeide_1.14.0_2/plugins/com.st.stm32cube.ide.mcu.externaltools.gnu-tools-for-stm32.11.3.rel1.linux64_1.1.100.202309141235/tools/bin/../lib/gcc/arm-none-eabi/11.3.1/../../../../arm-none-eabi/lib/thumb/v7e-m+fp/hard/libc_nano.a(libc_a-setbuf.o)
                0x000000000800362c                setbuf
 .text.setvbuf  0x000000000800363c      0x15c /home/mahyar/st/stm32cubeide_1.14.0_2/plugins/com.st.stm32cube.ide.mcu.externaltools.gnu-tools-for-stm32.11.3.rel1.linux64_1.1.100.202309141235/tools/bin/../lib/gcc/arm-none-eabi/11.3.1/../../../../arm-none-eabi/lib/thumb/v7e-m+fp/hard/libc_nano.a(libc_a-setvbuf.o)
                0x000000000800363c                setvbuf
 .text.__sread  0x0000000008003798       0x22 /home/mahyar/st/stm32cubeide_1.14.0_2/plugins/com.st.stm32cube.ide.mcu.externaltools.gnu-tools-for-stm32.11.3.rel1.linux64_1.1.100.202309141235/tools/bin/../lib/gcc/arm-none-eabi/11.3.1/../../../../arm-none-eabi/lib/thumb/v7e-m+fp/hard/libc_nano.a(libc_a-stdio.o)
                0x0000000008003798                __sread
 .text.__swrite
                0x00000000080037ba       0x38 /home/mahyar/st/stm32cubeide_1.14.0_2/plugins/com.st.stm32cube.ide.mcu.externaltools.gnu-tools-for-stm32.11.3.rel1.linux64_1.1.100.202309141235/tools/bin/../lib/gcc/arm-none-eabi/11.3.1/../../../../arm-none-eabi/lib/thumb/v7e-m+fp/hard/libc_nano.a(libc_a-stdio.o)
                0x00000000080037ba                __swrite
 .text.__sseek  0x00000000080037f2       0x24 /home/mahyar/st/stm32cubeide_1.14.0_2/plugins/com.st.stm32cube.ide.mcu.externaltools.gnu-tools-for-stm32.11.3.rel1.linux64_1.1.100.202309141235/tools/bin/../lib/gcc/arm-none-eabi/11.3.1/../../../../arm-none-eabi/lib/thumb/v7e-m+fp/hard/libc_nano.a(libc_a-stdio.o)
                0x00000000080037f2                __sseek
 .text.__sclose
                0x0000000008003816        0x8 /home/mahyar/st/stm32cubeide_1.14.0_2/plugins/com.st.stm32cube.ide.mcu.externaltools.gnu-tools-for-stm32.11.3.rel1.linux64_1.1.100.202309141235/tools/bin/../lib/gcc/arm-none-eabi/11.3.1/../../../../arm-none-eabi/lib/thumb/v7e-m+fp/hard/libc_nano.a(libc_a-stdio.o)
                0x0000000008003816                __sclose
 .text.__swbuf_r
                0x000000000800381e       0x7a /home/mahyar/st/stm32cubeide_1.14.0_2/plugins/com.st.stm32cube.ide.mcu.externaltools.gnu-tools-for-stm32.11.3.rel1.linux64_1.1.100.202309141235/tools/bin/../lib/gcc/arm-none-eabi/11.3.1/../../../../arm-none-eabi/lib/thumb/v7e-m+fp/hard/libc_nano.a(libc_a-wbuf.o)
                0x000000000800381e                __swbuf_r
 .text.__swsetup_r
                0x0000000008003898       0xb0 /home/mahyar/st/stm32cubeide_1.14.0_2/plugins/com.st.stm32cube.ide.mcu.externaltools.gnu-tools-for-stm32.11.3.rel1.linux64_1.1.100.202309141235/tools/bin/../lib/gcc/arm-none-eabi/11.3.1/../../../../arm-none-eabi/lib/thumb/v7e-m+fp/hard/libc_nano.a(libc_a-wsetup.o)
                0x0000000008003898                __swsetup_r
 .text.memset   0x0000000008003948       0x10 /home/mahyar/st/stm32cubeide_1.14.0_2/plugins/com.st.stm32cube.ide.mcu.externaltools.gnu-tools-for-stm32.11.3.rel1.linux64_1.1.100.202309141235/tools/bin/../lib/gcc/arm-none-eabi/11.3.1/../../../../arm-none-eabi/lib/thumb/v7e-m+fp/hard/libc_nano.a(libc_a-memset.o)
                0x0000000008003948                memset
 .text._close_r
                0x0000000008003958       0x20 /home/mahyar/st/stm32cubeide_1.14.0_2/plugins/com.st.stm32cube.ide.mcu.externaltools.gnu-tools-for-stm32.11.3.rel1.linux64_1.1.100.202309141235/tools/bin/../lib/gcc/arm-none-eabi/11.3.1/../../../../arm-none-eabi/lib/thumb/v7e-m+fp/hard/libc_nano.a(libc_a-closer.o)
                0x0000000008003958                _close_r
 .text._lseek_r
                0x0000000008003978       0x24 /home/mahyar/st/stm32cubeide_1.14.0_2/plugins/com.st.stm32cube.ide.mcu.externaltools.gnu-tools-for-stm32.11.3.rel1.linux64_1.1.100.202309141235/tools/bin/../lib/gcc/arm-none-eabi/11.3.1/../../../../arm-none-eabi/lib/thumb/v7e-m+fp/hard/libc_nano.a(libc_a-lseekr.o)
                0x0000000008003978                _lseek_r
 .text._read_r  0x000000000800399c       0x24 /home/mahyar/st/stm32cubeide_1.14.0_2/plugins/com.st.stm32cube.ide.mcu.externaltools.gnu-tools-for-stm32.11.3.rel1.linux64_1.1.100.202309141235/tools/bin/../lib/gcc/arm-none-eabi/11.3.1/../../../../arm-none-eabi/lib/thumb/v7e-m+fp/hard/libc_nano.a(libc_a-readr.o)
                0x000000000800399c                _read_r
 .text._write_r
                0x00000000080039c0       0x24 /home/mahyar/st/stm32cubeide_1.14.0_2/plugins/com.st.stm32cube.ide.mcu.externaltools.gnu-tools-for-stm32.11.3.rel1.linux64_1.1.100.202309141235/tools/bin/../lib/gcc/arm-none-eabi/11.3.1/../../../../arm-none-eabi/lib/thumb/v7e-m+fp/hard/libc_nano.a(libc_a-writer.o)
                0x00000000080039c0                _write_r
 .text.__errno  0x00000000080039e4        0xc /home/mahyar/st/stm32cubeide_1.14.0_2/plugins/com.st.stm32cube.ide.mcu.externaltools.gnu-tools-for-stm32.11.3.rel1.linux64_1.1.100.202309141235/tools/bin/../lib/gcc/arm-none-eabi/11.3.1/../../../../arm-none-eabi/lib/thumb/v7e-m+fp/hard/libc_nano.a(libc_a-errno.o)
                0x00000000080039e4                __errno
 .text.__libc_init_array
                0x00000000080039f0       0x48 /home/mahyar/st/stm32cubeide_1.14.0_2/plugins/com.st.stm32cube.ide.mcu.externaltools.gnu-tools-for-stm32.11.3.rel1.linux64_1.1.100.202309141235/tools/bin/../lib/gcc/arm-none-eabi/11.3.1/../../../../arm-none-eabi/lib/thumb/v7e-m+fp/hard/libc_nano.a(libc_a-init.o)
                0x00000000080039f0                __libc_init_array
 .text.__retarget_lock_init_recursive
                0x0000000008003a38        0x2 /home/mahyar/st/stm32cubeide_1.14.0_2/plugins/com.st.stm32cube.ide.mcu.externaltools.gnu-tools-for-stm32.11.3.rel1.linux64_1.1.100.202309141235/tools/bin/../lib/gcc/arm-none-eabi/11.3.1/../../../../arm-none-eabi/lib/thumb/v7e-m+fp/hard/libc_nano.a(libc_a-lock.o)
                0x0000000008003a38                __retarget_lock_init_recursive
 .text.__retarget_lock_acquire_recursive
                0x0000000008003a3a        0x2 /home/mahyar/st/stm32cubeide_1.14.0_2/plugins/com.st.stm32cube.ide.mcu.externaltools.gnu-tools-for-stm32.11.3.rel1.linux64_1.1.100.202309141235/tools/bin/../lib/gcc/arm-none-eabi/11.3.1/../../../../arm-none-eabi/lib/thumb/v7e-m+fp/hard/libc_nano.a(libc_a-lock.o)
                0x0000000008003a3a                __retarget_lock_acquire_recursive
 .text.__retarget_lock_release_recursive
                0x0000000008003a3c        0x2 /home/mahyar/st/stm32cubeide_1.14.0_2/plugins/com.st.stm32cube.ide.mcu.externaltools.gnu-tools-for-stm32.11.3.rel1.linux64_1.1.100.202309141235/tools/bin/../lib/gcc/arm-none-eabi/11.3.1/../../../../arm-none-eabi/lib/thumb/v7e-m+fp/hard/libc_nano.a(libc_a-lock.o)
                0x0000000008003a3c                __retarget_lock_release_recursive
 *fill*         0x0000000008003a3e        0x2 
 .text._free_r  0x0000000008003a40       0x98 /home/mahyar/st/stm32cubeide_1.14.0_2/plugins/com.st.stm32cube.ide.mcu.externaltools.gnu-tools-for-stm32.11.3.rel1.linux64_1.1.100.202309141235/tools/bin/../lib/gcc/arm-none-eabi/11.3.1/../../../../arm-none-eabi/lib/thumb/v7e-m+fp/hard/libc_nano.a(libc_a-freer.o)
                0x0000000008003a40                _free_r
 .text.malloc   0x0000000008003ad8       0x10 /home/mahyar/st/stm32cubeide_1.14.0_2/plugins/com.st.stm32cube.ide.mcu.externaltools.gnu-tools-for-stm32.11.3.rel1.linux64_1.1.100.202309141235/tools/bin/../lib/gcc/arm-none-eabi/11.3.1/../../../../arm-none-eabi/lib/thumb/v7e-m+fp/hard/libc_nano.a(libc_a-malloc.o)
                0x0000000008003ad8                malloc
 .text.sbrk_aligned
                0x0000000008003ae8       0x40 /home/mahyar/st/stm32cubeide_1.14.0_2/plugins/com.st.stm32cube.ide.mcu.externaltools.gnu-tools-for-stm32.11.3.rel1.linux64_1.1.100.202309141235/tools/bin/../lib/gcc/arm-none-eabi/11.3.1/../../../../arm-none-eabi/lib/thumb/v7e-m+fp/hard/libc_nano.a(libc_a-mallocr.o)
 .text._malloc_r
                0x0000000008003b28      0x100 /home/mahyar/st/stm32cubeide_1.14.0_2/plugins/com.st.stm32cube.ide.mcu.externaltools.gnu-tools-for-stm32.11.3.rel1.linux64_1.1.100.202309141235/tools/bin/../lib/gcc/arm-none-eabi/11.3.1/../../../../arm-none-eabi/lib/thumb/v7e-m+fp/hard/libc_nano.a(libc_a-mallocr.o)
                0x0000000008003b28                _malloc_r
 .text.__malloc_lock
                0x0000000008003c28        0xc /home/mahyar/st/stm32cubeide_1.14.0_2/plugins/com.st.stm32cube.ide.mcu.externaltools.gnu-tools-for-stm32.11.3.rel1.linux64_1.1.100.202309141235/tools/bin/../lib/gcc/arm-none-eabi/11.3.1/../../../../arm-none-eabi/lib/thumb/v7e-m+fp/hard/libc_nano.a(libc_a-mlock.o)
                0x0000000008003c28                __malloc_lock
 .text.__malloc_unlock
                0x0000000008003c34        0xc /home/mahyar/st/stm32cubeide_1.14.0_2/plugins/com.st.stm32cube.ide.mcu.externaltools.gnu-tools-for-stm32.11.3.rel1.linux64_1.1.100.202309141235/tools/bin/../lib/gcc/arm-none-eabi/11.3.1/../../../../arm-none-eabi/lib/thumb/v7e-m+fp/hard/libc_nano.a(libc_a-mlock.o)
                0x0000000008003c34                __malloc_unlock
 .text.__sfputc_r
                0x0000000008003c40       0x2e /home/mahyar/st/stm32cubeide_1.14.0_2/plugins/com.st.stm32cube.ide.mcu.externaltools.gnu-tools-for-stm32.11.3.rel1.linux64_1.1.100.202309141235/tools/bin/../lib/gcc/arm-none-eabi/11.3.1/../../../../arm-none-eabi/lib/thumb/v7e-m+fp/hard/libc_nano.a(libc_a-nano-vfprintf.o)
 .text.__sfputs_r
                0x0000000008003c6e       0x24 /home/mahyar/st/stm32cubeide_1.14.0_2/plugins/com.st.stm32cube.ide.mcu.externaltools.gnu-tools-for-stm32.11.3.rel1.linux64_1.1.100.202309141235/tools/bin/../lib/gcc/arm-none-eabi/11.3.1/../../../../arm-none-eabi/lib/thumb/v7e-m+fp/hard/libc_nano.a(libc_a-nano-vfprintf.o)
                0x0000000008003c6e                __sfputs_r
 *fill*         0x0000000008003c92        0x2 
 .text._vfprintf_r
                0x0000000008003c94      0x234 /home/mahyar/st/stm32cubeide_1.14.0_2/plugins/com.st.stm32cube.ide.mcu.externaltools.gnu-tools-for-stm32.11.3.rel1.linux64_1.1.100.202309141235/tools/bin/../lib/gcc/arm-none-eabi/11.3.1/../../../../arm-none-eabi/lib/thumb/v7e-m+fp/hard/libc_nano.a(libc_a-nano-vfprintf.o)
                0x0000000008003c94                _vfiprintf_r
                0x0000000008003c94                _vfprintf_r
 .text._printf_common
                0x0000000008003ec8       0xda /home/mahyar/st/stm32cubeide_1.14.0_2/plugins/com.st.stm32cube.ide.mcu.externaltools.gnu-tools-for-stm32.11.3.rel1.linux64_1.1.100.202309141235/tools/bin/../lib/gcc/arm-none-eabi/11.3.1/../../../../arm-none-eabi/lib/thumb/v7e-m+fp/hard/libc_nano.a(libc_a-nano-vfprintf_i.o)
                0x0000000008003ec8                _printf_common
 *fill*         0x0000000008003fa2        0x2 
 .text._printf_i
                0x0000000008003fa4      0x244 /home/mahyar/st/stm32cubeide_1.14.0_2/plugins/com.st.stm32cube.ide.mcu.externaltools.gnu-tools-for-stm32.11.3.rel1.linux64_1.1.100.202309141235/tools/bin/../lib/gcc/arm-none-eabi/11.3.1/../../../../arm-none-eabi/lib/thumb/v7e-m+fp/hard/libc_nano.a(libc_a-nano-vfprintf_i.o)
                0x0000000008003fa4                _printf_i
 .text.__sflush_r
                0x00000000080041e8      0x10c /home/mahyar/st/stm32cubeide_1.14.0_2/plugins/com.st.stm32cube.ide.mcu.externaltools.gnu-tools-for-stm32.11.3.rel1.linux64_1.1.100.202309141235/tools/bin/../lib/gcc/arm-none-eabi/11.3.1/../../../../arm-none-eabi/lib/thumb/v7e-m+fp/hard/libc_nano.a(libc_a-fflush.o)
                0x00000000080041e8                __sflush_r
 .text._fflush_r
                0x00000000080042f4       0x50 /home/mahyar/st/stm32cubeide_1.14.0_2/plugins/com.st.stm32cube.ide.mcu.externaltools.gnu-tools-for-stm32.11.3.rel1.linux64_1.1.100.202309141235/tools/bin/../lib/gcc/arm-none-eabi/11.3.1/../../../../arm-none-eabi/lib/thumb/v7e-m+fp/hard/libc_nano.a(libc_a-fflush.o)
                0x00000000080042f4                _fflush_r
 .text.__swhatbuf_r
                0x0000000008004344       0x4c /home/mahyar/st/stm32cubeide_1.14.0_2/plugins/com.st.stm32cube.ide.mcu.externaltools.gnu-tools-for-stm32.11.3.rel1.linux64_1.1.100.202309141235/tools/bin/../lib/gcc/arm-none-eabi/11.3.1/../../../../arm-none-eabi/lib/thumb/v7e-m+fp/hard/libc_nano.a(libc_a-makebuf.o)
                0x0000000008004344                __swhatbuf_r
 .text.__smakebuf_r
                0x0000000008004390       0x78 /home/mahyar/st/stm32cubeide_1.14.0_2/plugins/com.st.stm32cube.ide.mcu.externaltools.gnu-tools-for-stm32.11.3.rel1.linux64_1.1.100.202309141235/tools/bin/../lib/gcc/arm-none-eabi/11.3.1/../../../../arm-none-eabi/lib/thumb/v7e-m+fp/hard/libc_nano.a(libc_a-makebuf.o)
                0x0000000008004390                __smakebuf_r
 .text._fstat_r
                0x0000000008004408       0x24 /home/mahyar/st/stm32cubeide_1.14.0_2/plugins/com.st.stm32cube.ide.mcu.externaltools.gnu-tools-for-stm32.11.3.rel1.linux64_1.1.100.202309141235/tools/bin/../lib/gcc/arm-none-eabi/11.3.1/../../../../arm-none-eabi/lib/thumb/v7e-m+fp/hard/libc_nano.a(libc_a-fstatr.o)
                0x0000000008004408                _fstat_r
 .text._isatty_r
                0x000000000800442c       0x20 /home/mahyar/st/stm32cubeide_1.14.0_2/plugins/com.st.stm32cube.ide.mcu.externaltools.gnu-tools-for-stm32.11.3.rel1.linux64_1.1.100.202309141235/tools/bin/../lib/gcc/arm-none-eabi/11.3.1/../../../../arm-none-eabi/lib/thumb/v7e-m+fp/hard/libc_nano.a(libc_a-isattyr.o)
                0x000000000800442c                _isatty_r
 .text._sbrk_r  0x000000000800444c       0x20 /home/mahyar/st/stm32cubeide_1.14.0_2/plugins/com.st.stm32cube.ide.mcu.externaltools.gnu-tools-for-stm32.11.3.rel1.linux64_1.1.100.202309141235/tools/bin/../lib/gcc/arm-none-eabi/11.3.1/../../../../arm-none-eabi/lib/thumb/v7e-m+fp/hard/libc_nano.a(libc_a-sbrkr.o)
                0x000000000800444c                _sbrk_r
 *(.glue_7)
 .glue_7        0x000000000800446c        0x0 linker stubs
 *(.glue_7t)
 .glue_7t       0x000000000800446c        0x0 linker stubs
 *(.eh_frame)
 .eh_frame      0x000000000800446c        0x0 /home/mahyar/st/stm32cubeide_1.14.0_2/plugins/com.st.stm32cube.ide.mcu.externaltools.gnu-tools-for-stm32.11.3.rel1.linux64_1.1.100.202309141235/tools/bin/../lib/gcc/arm-none-eabi/11.3.1/thumb/v7e-m+fp/hard/crtbegin.o
 *(.init)
 .init          0x000000000800446c        0x4 /home/mahyar/st/stm32cubeide_1.14.0_2/plugins/com.st.stm32cube.ide.mcu.externaltools.gnu-tools-for-stm32.11.3.rel1.linux64_1.1.100.202309141235/tools/bin/../lib/gcc/arm-none-eabi/11.3.1/thumb/v7e-m+fp/hard/crti.o
                0x000000000800446c                _init
 .init          0x0000000008004470        0x8 /home/mahyar/st/stm32cubeide_1.14.0_2/plugins/com.st.stm32cube.ide.mcu.externaltools.gnu-tools-for-stm32.11.3.rel1.linux64_1.1.100.202309141235/tools/bin/../lib/gcc/arm-none-eabi/11.3.1/thumb/v7e-m+fp/hard/crtn.o
 *(.fini)
 .fini          0x0000000008004478        0x4 /home/mahyar/st/stm32cubeide_1.14.0_2/plugins/com.st.stm32cube.ide.mcu.externaltools.gnu-tools-for-stm32.11.3.rel1.linux64_1.1.100.202309141235/tools/bin/../lib/gcc/arm-none-eabi/11.3.1/thumb/v7e-m+fp/hard/crti.o
                0x0000000008004478                _fini
 .fini          0x000000000800447c        0x8 /home/mahyar/st/stm32cubeide_1.14.0_2/plugins/com.st.stm32cube.ide.mcu.externaltools.gnu-tools-for-stm32.11.3.rel1.linux64_1.1.100.202309141235/tools/bin/../lib/gcc/arm-none-eabi/11.3.1/thumb/v7e-m+fp/hard/crtn.o
                0x0000000008004484                . = ALIGN (0x4)
                0x0000000008004484                _etext = .

.vfp11_veneer   0x0000000008004484        0x0
 .vfp11_veneer  0x0000000008004484        0x0 linker stubs

.v4_bx          0x0000000008004484        0x0
 .v4_bx         0x0000000008004484        0x0 linker stubs

.iplt           0x0000000008004484        0x0
 .iplt          0x0000000008004484        0x0 /home/mahyar/st/stm32cubeide_1.14.0_2/plugins/com.st.stm32cube.ide.mcu.externaltools.gnu-tools-for-stm32.11.3.rel1.linux64_1.1.100.202309141235/tools/bin/../lib/gcc/arm-none-eabi/11.3.1/thumb/v7e-m+fp/hard/crtbegin.o

.rodata         0x0000000008004484      0x308
                0x0000000008004484                . = ALIGN (0x4)
 *(.rodata)
 .rodata        0x0000000008004484       0x13 ./Core/Src/main.o
 *fill*         0x0000000008004497        0x1 
 .rodata        0x0000000008004498      0x24b ./Core/Src/w5500/w5500_phy.o
 *fill*         0x00000000080046e3        0x1 
 .rodata        0x00000000080046e4       0x5c ./Core/Src/w5500/w5500_spi.o
 *(.rodata*)
 .rodata.AHBPrescTable
                0x0000000008004740       0x10 ./Core/Src/system_stm32f4xx.o
                0x0000000008004740                AHBPrescTable
 .rodata.APBPrescTable
                0x0000000008004750        0x8 ./Core/Src/system_stm32f4xx.o
                0x0000000008004750                APBPrescTable
 .rodata._vfprintf_r.str1.1
                0x0000000008004758       0x11 /home/mahyar/st/stm32cubeide_1.14.0_2/plugins/com.st.stm32cube.ide.mcu.externaltools.gnu-tools-for-stm32.11.3.rel1.linux64_1.1.100.202309141235/tools/bin/../lib/gcc/arm-none-eabi/11.3.1/../../../../arm-none-eabi/lib/thumb/v7e-m+fp/hard/libc_nano.a(libc_a-nano-vfprintf.o)
 .rodata._printf_i.str1.1
                0x0000000008004769       0x22 /home/mahyar/st/stm32cubeide_1.14.0_2/plugins/com.st.stm32cube.ide.mcu.externaltools.gnu-tools-for-stm32.11.3.rel1.linux64_1.1.100.202309141235/tools/bin/../lib/gcc/arm-none-eabi/11.3.1/../../../../arm-none-eabi/lib/thumb/v7e-m+fp/hard/libc_nano.a(libc_a-nano-vfprintf_i.o)
                0x000000000800478c                . = ALIGN (0x4)
 *fill*         0x000000000800478b        0x1 

.ARM.extab      0x000000000800478c        0x0
                0x000000000800478c                . = ALIGN (0x4)
 *(.ARM.extab* .gnu.linkonce.armextab.*)
                0x000000000800478c                . = ALIGN (0x4)

.ARM            0x000000000800478c        0x8
                0x000000000800478c                . = ALIGN (0x4)
                0x000000000800478c                __exidx_start = .
 *(.ARM.exidx*)
 .ARM.exidx     0x000000000800478c        0x8 /home/mahyar/st/stm32cubeide_1.14.0_2/plugins/com.st.stm32cube.ide.mcu.externaltools.gnu-tools-for-stm32.11.3.rel1.linux64_1.1.100.202309141235/tools/bin/../lib/gcc/arm-none-eabi/11.3.1/thumb/v7e-m+fp/hard/libgcc.a(_udivmoddi4.o)
                0x0000000008004794                __exidx_end = .
                0x0000000008004794                . = ALIGN (0x4)

.rel.dyn        0x0000000008004794        0x0
 .rel.iplt      0x0000000008004794        0x0 /home/mahyar/st/stm32cubeide_1.14.0_2/plugins/com.st.stm32cube.ide.mcu.externaltools.gnu-tools-for-stm32.11.3.rel1.linux64_1.1.100.202309141235/tools/bin/../lib/gcc/arm-none-eabi/11.3.1/thumb/v7e-m+fp/hard/crtbegin.o

.preinit_array  0x0000000008004794        0x0
                0x0000000008004794                . = ALIGN (0x4)
                0x0000000008004794                PROVIDE (__preinit_array_start = .)
 *(.preinit_array*)
                0x0000000008004794                PROVIDE (__preinit_array_end = .)
                0x0000000008004794                . = ALIGN (0x4)

.init_array     0x0000000008004794        0x4
                0x0000000008004794                . = ALIGN (0x4)
                0x0000000008004794                PROVIDE (__init_array_start = .)
 *(SORT_BY_NAME(.init_array.*))
 *(.init_array*)
 .init_array    0x0000000008004794        0x4 /home/mahyar/st/stm32cubeide_1.14.0_2/plugins/com.st.stm32cube.ide.mcu.externaltools.gnu-tools-for-stm32.11.3.rel1.linux64_1.1.100.202309141235/tools/bin/../lib/gcc/arm-none-eabi/11.3.1/thumb/v7e-m+fp/hard/crtbegin.o
                0x0000000008004798                PROVIDE (__init_array_end = .)
                0x0000000008004798                . = ALIGN (0x4)

.fini_array     0x0000000008004798        0x4
                0x0000000008004798                . = ALIGN (0x4)
                [!provide]                        PROVIDE (__fini_array_start = .)
 *(SORT_BY_NAME(.fini_array.*))
 *(.fini_array*)
 .fini_array    0x0000000008004798        0x4 /home/mahyar/st/stm32cubeide_1.14.0_2/plugins/com.st.stm32cube.ide.mcu.externaltools.gnu-tools-for-stm32.11.3.rel1.linux64_1.1.100.202309141235/tools/bin/../lib/gcc/arm-none-eabi/11.3.1/thumb/v7e-m+fp/hard/crtbegin.o
                [!provide]                        PROVIDE (__fini_array_end = .)
                0x000000000800479c                . = ALIGN (0x4)
                0x000000000800479c                _sidata = LOADADDR (.data)

.data           0x0000000020000000       0xac load address 0x000000000800479c
                0x0000000020000000                . = ALIGN (0x4)
                0x0000000020000000                _sdata = .
 *(.data)
 *(.data*)
 .data.net_info
                0x0000000020000000       0x17 ./Core/Src/main.o
                0x0000000020000000                net_info
 *fill*         0x0000000020000017        0x1 
 .data.SystemCoreClock
                0x0000000020000018        0x4 ./Core/Src/system_stm32f4xx.o
                0x0000000020000018                SystemCoreClock
 .data.WIZCHIP  0x000000002000001c       0x2c ./Core/Src/w5500/wizchip_conf.o
                0x000000002000001c                WIZCHIP
 .data.uwTickPrio
                0x0000000020000048        0x4 ./Drivers/STM32F4xx_HAL_Driver/Src/stm32f4xx_hal.o
                0x0000000020000048                uwTickPrio
 .data.uwTickFreq
                0x000000002000004c        0x1 ./Drivers/STM32F4xx_HAL_Driver/Src/stm32f4xx_hal.o
                0x000000002000004c                uwTickFreq
 *fill*         0x000000002000004d        0x3 
 .data.__sglue  0x0000000020000050        0xc /home/mahyar/st/stm32cubeide_1.14.0_2/plugins/com.st.stm32cube.ide.mcu.externaltools.gnu-tools-for-stm32.11.3.rel1.linux64_1.1.100.202309141235/tools/bin/../lib/gcc/arm-none-eabi/11.3.1/../../../../arm-none-eabi/lib/thumb/v7e-m+fp/hard/libc_nano.a(libc_a-findfp.o)
                0x0000000020000050                __sglue
 .data._impure_data
                0x000000002000005c       0x4c /home/mahyar/st/stm32cubeide_1.14.0_2/plugins/com.st.stm32cube.ide.mcu.externaltools.gnu-tools-for-stm32.11.3.rel1.linux64_1.1.100.202309141235/tools/bin/../lib/gcc/arm-none-eabi/11.3.1/../../../../arm-none-eabi/lib/thumb/v7e-m+fp/hard/libc_nano.a(libc_a-impure.o)
                0x000000002000005c                _impure_data
 .data._impure_ptr
                0x00000000200000a8        0x4 /home/mahyar/st/stm32cubeide_1.14.0_2/plugins/com.st.stm32cube.ide.mcu.externaltools.gnu-tools-for-stm32.11.3.rel1.linux64_1.1.100.202309141235/tools/bin/../lib/gcc/arm-none-eabi/11.3.1/../../../../arm-none-eabi/lib/thumb/v7e-m+fp/hard/libc_nano.a(libc_a-impure.o)
                0x00000000200000a8                _impure_ptr
 *(.RamFunc)
 *(.RamFunc*)
                0x00000000200000ac                . = ALIGN (0x4)
                0x00000000200000ac                _edata = .

.igot.plt       0x00000000200000ac        0x0 load address 0x0000000008004848
 .igot.plt      0x00000000200000ac        0x0 /home/mahyar/st/stm32cubeide_1.14.0_2/plugins/com.st.stm32cube.ide.mcu.externaltools.gnu-tools-for-stm32.11.3.rel1.linux64_1.1.100.202309141235/tools/bin/../lib/gcc/arm-none-eabi/11.3.1/thumb/v7e-m+fp/hard/crtbegin.o
                0x00000000200000ac                . = ALIGN (0x4)

.bss            0x00000000200000ac      0x218 load address 0x0000000008004848
                0x00000000200000ac                _sbss = .
                0x00000000200000ac                __bss_start__ = _sbss
 *(.bss)
 .bss           0x00000000200000ac       0x1c /home/mahyar/st/stm32cubeide_1.14.0_2/plugins/com.st.stm32cube.ide.mcu.externaltools.gnu-tools-for-stm32.11.3.rel1.linux64_1.1.100.202309141235/tools/bin/../lib/gcc/arm-none-eabi/11.3.1/thumb/v7e-m+fp/hard/crtbegin.o
 *(.bss*)
 .bss.hspi1     0x00000000200000c8       0x58 ./Core/Src/main.o
                0x00000000200000c8                hspi1
 .bss.huart1    0x0000000020000120       0x48 ./Core/Src/main.o
                0x0000000020000120                huart1
 .bss.__sbrk_heap_end
                0x0000000020000168        0x4 ./Core/Src/sysmem.o
 .bss._DNS_     0x000000002000016c        0x4 ./Core/Src/w5500/wizchip_conf.o
 .bss._DHCP_    0x0000000020000170        0x1 ./Core/Src/w5500/wizchip_conf.o
 *fill*         0x0000000020000171        0x3 
 .bss.uwTick    0x0000000020000174        0x4 ./Drivers/STM32F4xx_HAL_Driver/Src/stm32f4xx_hal.o
                0x0000000020000174                uwTick
 .bss.__sf      0x0000000020000178      0x138 /home/mahyar/st/stm32cubeide_1.14.0_2/plugins/com.st.stm32cube.ide.mcu.externaltools.gnu-tools-for-stm32.11.3.rel1.linux64_1.1.100.202309141235/tools/bin/../lib/gcc/arm-none-eabi/11.3.1/../../../../arm-none-eabi/lib/thumb/v7e-m+fp/hard/libc_nano.a(libc_a-findfp.o)
                0x0000000020000178                __sf
 .bss.__stdio_exit_handler
                0x00000000200002b0        0x4 /home/mahyar/st/stm32cubeide_1.14.0_2/plugins/com.st.stm32cube.ide.mcu.externaltools.gnu-tools-for-stm32.11.3.rel1.linux64_1.1.100.202309141235/tools/bin/../lib/gcc/arm-none-eabi/11.3.1/../../../../arm-none-eabi/lib/thumb/v7e-m+fp/hard/libc_nano.a(libc_a-findfp.o)
                0x00000000200002b0                __stdio_exit_handler
 .bss.errno     0x00000000200002b4        0x4 /home/mahyar/st/stm32cubeide_1.14.0_2/plugins/com.st.stm32cube.ide.mcu.externaltools.gnu-tools-for-stm32.11.3.rel1.linux64_1.1.100.202309141235/tools/bin/../lib/gcc/arm-none-eabi/11.3.1/../../../../arm-none-eabi/lib/thumb/v7e-m+fp/hard/libc_nano.a(libc_a-reent.o)
                0x00000000200002b4                errno
 .bss.__lock___malloc_recursive_mutex
                0x00000000200002b8        0x1 /home/mahyar/st/stm32cubeide_1.14.0_2/plugins/com.st.stm32cube.ide.mcu.externaltools.gnu-tools-for-stm32.11.3.rel1.linux64_1.1.100.202309141235/tools/bin/../lib/gcc/arm-none-eabi/11.3.1/../../../../arm-none-eabi/lib/thumb/v7e-m+fp/hard/libc_nano.a(libc_a-lock.o)
                0x00000000200002b8                __lock___malloc_recursive_mutex
 .bss.__lock___sfp_recursive_mutex
                0x00000000200002b9        0x1 /home/mahyar/st/stm32cubeide_1.14.0_2/plugins/com.st.stm32cube.ide.mcu.externaltools.gnu-tools-for-stm32.11.3.rel1.linux64_1.1.100.202309141235/tools/bin/../lib/gcc/arm-none-eabi/11.3.1/../../../../arm-none-eabi/lib/thumb/v7e-m+fp/hard/libc_nano.a(libc_a-lock.o)
                0x00000000200002b9                __lock___sfp_recursive_mutex
 *fill*         0x00000000200002ba        0x2 
 .bss.__malloc_free_list
                0x00000000200002bc        0x4 /home/mahyar/st/stm32cubeide_1.14.0_2/plugins/com.st.stm32cube.ide.mcu.externaltools.gnu-tools-for-stm32.11.3.rel1.linux64_1.1.100.202309141235/tools/bin/../lib/gcc/arm-none-eabi/11.3.1/../../../../arm-none-eabi/lib/thumb/v7e-m+fp/hard/libc_nano.a(libc_a-mallocr.o)
                0x00000000200002bc                __malloc_free_list
 .bss.__malloc_sbrk_start
                0x00000000200002c0        0x4 /home/mahyar/st/stm32cubeide_1.14.0_2/plugins/com.st.stm32cube.ide.mcu.externaltools.gnu-tools-for-stm32.11.3.rel1.linux64_1.1.100.202309141235/tools/bin/../lib/gcc/arm-none-eabi/11.3.1/../../../../arm-none-eabi/lib/thumb/v7e-m+fp/hard/libc_nano.a(libc_a-mallocr.o)
                0x00000000200002c0                __malloc_sbrk_start
 *(COMMON)
                0x00000000200002c4                . = ALIGN (0x4)
                0x00000000200002c4                _ebss = .
                0x00000000200002c4                __bss_end__ = _ebss

._user_heap_stack
                0x00000000200002c4      0x604 load address 0x0000000008004848
                0x00000000200002c8                . = ALIGN (0x8)
 *fill*         0x00000000200002c4        0x4 
                [!provide]                        PROVIDE (end = .)
                0x00000000200002c8                PROVIDE (_end = .)
                0x00000000200004c8                . = (. + _Min_Heap_Size)
 *fill*         0x00000000200002c8      0x200 
                0x00000000200008c8                . = (. + _Min_Stack_Size)
 *fill*         0x00000000200004c8      0x400 
                0x00000000200008c8                . = ALIGN (0x8)

/DISCARD/
 libc.a(*)
 libm.a(*)
 libgcc.a(*)

.ARM.attributes
                0x0000000000000000       0x30
 *(.ARM.attributes)
 .ARM.attributes
                0x0000000000000000       0x1e /home/mahyar/st/stm32cubeide_1.14.0_2/plugins/com.st.stm32cube.ide.mcu.externaltools.gnu-tools-for-stm32.11.3.rel1.linux64_1.1.100.202309141235/tools/bin/../lib/gcc/arm-none-eabi/11.3.1/thumb/v7e-m+fp/hard/crti.o
 .ARM.attributes
                0x000000000000001e       0x34 /home/mahyar/st/stm32cubeide_1.14.0_2/plugins/com.st.stm32cube.ide.mcu.externaltools.gnu-tools-for-stm32.11.3.rel1.linux64_1.1.100.202309141235/tools/bin/../lib/gcc/arm-none-eabi/11.3.1/thumb/v7e-m+fp/hard/crtbegin.o
 .ARM.attributes
                0x0000000000000052       0x34 ./Core/Src/main.o
 .ARM.attributes
                0x0000000000000086       0x34 ./Core/Src/stm32f4xx_hal_msp.o
 .ARM.attributes
                0x00000000000000ba       0x34 ./Core/Src/stm32f4xx_it.o
 .ARM.attributes
                0x00000000000000ee       0x34 ./Core/Src/syscalls.o
 .ARM.attributes
                0x0000000000000122       0x34 ./Core/Src/sysmem.o
 .ARM.attributes
                0x0000000000000156       0x34 ./Core/Src/system_stm32f4xx.o
 .ARM.attributes
                0x000000000000018a       0x34 ./Core/Src/w5500/W5500/w5500.o
 .ARM.attributes
                0x00000000000001be       0x34 ./Core/Src/w5500/w5500_phy.o
 .ARM.attributes
                0x00000000000001f2       0x34 ./Core/Src/w5500/w5500_spi.o
 .ARM.attributes
                0x0000000000000226       0x34 ./Core/Src/w5500/wizchip_conf.o
 .ARM.attributes
                0x000000000000025a       0x21 ./Core/Startup/startup_stm32f401rctx.o
 .ARM.attributes
                0x000000000000027b       0x34 ./Drivers/STM32F4xx_HAL_Driver/Src/stm32f4xx_hal.o
 .ARM.attributes
                0x00000000000002af       0x34 ./Drivers/STM32F4xx_HAL_Driver/Src/stm32f4xx_hal_cortex.o
 .ARM.attributes
                0x00000000000002e3       0x34 ./Drivers/STM32F4xx_HAL_Driver/Src/stm32f4xx_hal_gpio.o
 .ARM.attributes
                0x0000000000000317       0x34 ./Drivers/STM32F4xx_HAL_Driver/Src/stm32f4xx_hal_rcc.o
 .ARM.attributes
                0x000000000000034b       0x34 ./Drivers/STM32F4xx_HAL_Driver/Src/stm32f4xx_hal_spi.o
 .ARM.attributes
                0x000000000000037f       0x34 ./Drivers/STM32F4xx_HAL_Driver/Src/stm32f4xx_hal_uart.o
 .ARM.attributes
                0x00000000000003b3       0x34 /home/mahyar/st/stm32cubeide_1.14.0_2/plugins/com.st.stm32cube.ide.mcu.externaltools.gnu-tools-for-stm32.11.3.rel1.linux64_1.1.100.202309141235/tools/bin/../lib/gcc/arm-none-eabi/11.3.1/../../../../arm-none-eabi/lib/thumb/v7e-m+fp/hard/libc_nano.a(libc_a-findfp.o)
 .ARM.attributes
                0x00000000000003e7       0x34 /home/mahyar/st/stm32cubeide_1.14.0_2/plugins/com.st.stm32cube.ide.mcu.externaltools.gnu-tools-for-stm32.11.3.rel1.linux64_1.1.100.202309141235/tools/bin/../lib/gcc/arm-none-eabi/11.3.1/../../../../arm-none-eabi/lib/thumb/v7e-m+fp/hard/libc_nano.a(libc_a-fwalk.o)
 .ARM.attributes
                0x000000000000041b       0x34 /home/mahyar/st/stm32cubeide_1.14.0_2/plugins/com.st.stm32cube.ide.mcu.externaltools.gnu-tools-for-stm32.11.3.rel1.linux64_1.1.100.202309141235/tools/bin/../lib/gcc/arm-none-eabi/11.3.1/../../../../arm-none-eabi/lib/thumb/v7e-m+fp/hard/libc_nano.a(libc_a-printf.o)
 .ARM.attributes
                0x000000000000044f       0x34 /home/mahyar/st/stm32cubeide_1.14.0_2/plugins/com.st.stm32cube.ide.mcu.externaltools.gnu-tools-for-stm32.11.3.rel1.linux64_1.1.100.202309141235/tools/bin/../lib/gcc/arm-none-eabi/11.3.1/../../../../arm-none-eabi/lib/thumb/v7e-m+fp/hard/libc_nano.a(libc_a-puts.o)
 .ARM.attributes
                0x0000000000000483       0x34 /home/mahyar/st/stm32cubeide_1.14.0_2/plugins/com.st.stm32cube.ide.mcu.externaltools.gnu-tools-for-stm32.11.3.rel1.linux64_1.1.100.202309141235/tools/bin/../lib/gcc/arm-none-eabi/11.3.1/../../../../arm-none-eabi/lib/thumb/v7e-m+fp/hard/libc_nano.a(libc_a-setbuf.o)
 .ARM.attributes
                0x00000000000004b7       0x34 /home/mahyar/st/stm32cubeide_1.14.0_2/plugins/com.st.stm32cube.ide.mcu.externaltools.gnu-tools-for-stm32.11.3.rel1.linux64_1.1.100.202309141235/tools/bin/../lib/gcc/arm-none-eabi/11.3.1/../../../../arm-none-eabi/lib/thumb/v7e-m+fp/hard/libc_nano.a(libc_a-setvbuf.o)
 .ARM.attributes
                0x00000000000004eb       0x34 /home/mahyar/st/stm32cubeide_1.14.0_2/plugins/com.st.stm32cube.ide.mcu.externaltools.gnu-tools-for-stm32.11.3.rel1.linux64_1.1.100.202309141235/tools/bin/../lib/gcc/arm-none-eabi/11.3.1/../../../../arm-none-eabi/lib/thumb/v7e-m+fp/hard/libc_nano.a(libc_a-stdio.o)
 .ARM.attributes
                0x000000000000051f       0x34 /home/mahyar/st/stm32cubeide_1.14.0_2/plugins/com.st.stm32cube.ide.mcu.externaltools.gnu-tools-for-stm32.11.3.rel1.linux64_1.1.100.202309141235/tools/bin/../lib/gcc/arm-none-eabi/11.3.1/../../../../arm-none-eabi/lib/thumb/v7e-m+fp/hard/libc_nano.a(libc_a-wbuf.o)
 .ARM.attributes
                0x0000000000000553       0x34 /home/mahyar/st/stm32cubeide_1.14.0_2/plugins/com.st.stm32cube.ide.mcu.externaltools.gnu-tools-for-stm32.11.3.rel1.linux64_1.1.100.202309141235/tools/bin/../lib/gcc/arm-none-eabi/11.3.1/../../../../arm-none-eabi/lib/thumb/v7e-m+fp/hard/libc_nano.a(libc_a-wsetup.o)
 .ARM.attributes
                0x0000000000000587       0x34 /home/mahyar/st/stm32cubeide_1.14.0_2/plugins/com.st.stm32cube.ide.mcu.externaltools.gnu-tools-for-stm32.11.3.rel1.linux64_1.1.100.202309141235/tools/bin/../lib/gcc/arm-none-eabi/11.3.1/../../../../arm-none-eabi/lib/thumb/v7e-m+fp/hard/libc_nano.a(libc_a-memset.o)
 .ARM.attributes
                0x00000000000005bb       0x34 /home/mahyar/st/stm32cubeide_1.14.0_2/plugins/com.st.stm32cube.ide.mcu.externaltools.gnu-tools-for-stm32.11.3.rel1.linux64_1.1.100.202309141235/tools/bin/../lib/gcc/arm-none-eabi/11.3.1/../../../../arm-none-eabi/lib/thumb/v7e-m+fp/hard/libc_nano.a(libc_a-closer.o)
 .ARM.attributes
                0x00000000000005ef       0x34 /home/mahyar/st/stm32cubeide_1.14.0_2/plugins/com.st.stm32cube.ide.mcu.externaltools.gnu-tools-for-stm32.11.3.rel1.linux64_1.1.100.202309141235/tools/bin/../lib/gcc/arm-none-eabi/11.3.1/../../../../arm-none-eabi/lib/thumb/v7e-m+fp/hard/libc_nano.a(libc_a-reent.o)
 .ARM.attributes
                0x0000000000000623       0x34 /home/mahyar/st/stm32cubeide_1.14.0_2/plugins/com.st.stm32cube.ide.mcu.externaltools.gnu-tools-for-stm32.11.3.rel1.linux64_1.1.100.202309141235/tools/bin/../lib/gcc/arm-none-eabi/11.3.1/../../../../arm-none-eabi/lib/thumb/v7e-m+fp/hard/libc_nano.a(libc_a-impure.o)
 .ARM.attributes
                0x0000000000000657       0x34 /home/mahyar/st/stm32cubeide_1.14.0_2/plugins/com.st.stm32cube.ide.mcu.externaltools.gnu-tools-for-stm32.11.3.rel1.linux64_1.1.100.202309141235/tools/bin/../lib/gcc/arm-none-eabi/11.3.1/../../../../arm-none-eabi/lib/thumb/v7e-m+fp/hard/libc_nano.a(libc_a-lseekr.o)
 .ARM.attributes
                0x000000000000068b       0x34 /home/mahyar/st/stm32cubeide_1.14.0_2/plugins/com.st.stm32cube.ide.mcu.externaltools.gnu-tools-for-stm32.11.3.rel1.linux64_1.1.100.202309141235/tools/bin/../lib/gcc/arm-none-eabi/11.3.1/../../../../arm-none-eabi/lib/thumb/v7e-m+fp/hard/libc_nano.a(libc_a-readr.o)
 .ARM.attributes
                0x00000000000006bf       0x34 /home/mahyar/st/stm32cubeide_1.14.0_2/plugins/com.st.stm32cube.ide.mcu.externaltools.gnu-tools-for-stm32.11.3.rel1.linux64_1.1.100.202309141235/tools/bin/../lib/gcc/arm-none-eabi/11.3.1/../../../../arm-none-eabi/lib/thumb/v7e-m+fp/hard/libc_nano.a(libc_a-writer.o)
 .ARM.attributes
                0x00000000000006f3       0x34 /home/mahyar/st/stm32cubeide_1.14.0_2/plugins/com.st.stm32cube.ide.mcu.externaltools.gnu-tools-for-stm32.11.3.rel1.linux64_1.1.100.202309141235/tools/bin/../lib/gcc/arm-none-eabi/11.3.1/../../../../arm-none-eabi/lib/thumb/v7e-m+fp/hard/libc_nano.a(libc_a-errno.o)
 .ARM.attributes
                0x0000000000000727       0x34 /home/mahyar/st/stm32cubeide_1.14.0_2/plugins/com.st.stm32cube.ide.mcu.externaltools.gnu-tools-for-stm32.11.3.rel1.linux64_1.1.100.202309141235/tools/bin/../lib/gcc/arm-none-eabi/11.3.1/../../../../arm-none-eabi/lib/thumb/v7e-m+fp/hard/libc_nano.a(libc_a-init.o)
 .ARM.attributes
                0x000000000000075b       0x34 /home/mahyar/st/stm32cubeide_1.14.0_2/plugins/com.st.stm32cube.ide.mcu.externaltools.gnu-tools-for-stm32.11.3.rel1.linux64_1.1.100.202309141235/tools/bin/../lib/gcc/arm-none-eabi/11.3.1/../../../../arm-none-eabi/lib/thumb/v7e-m+fp/hard/libc_nano.a(libc_a-lock.o)
 .ARM.attributes
                0x000000000000078f       0x34 /home/mahyar/st/stm32cubeide_1.14.0_2/plugins/com.st.stm32cube.ide.mcu.externaltools.gnu-tools-for-stm32.11.3.rel1.linux64_1.1.100.202309141235/tools/bin/../lib/gcc/arm-none-eabi/11.3.1/../../../../arm-none-eabi/lib/thumb/v7e-m+fp/hard/libc_nano.a(libc_a-freer.o)
 .ARM.attributes
                0x00000000000007c3       0x34 /home/mahyar/st/stm32cubeide_1.14.0_2/plugins/com.st.stm32cube.ide.mcu.externaltools.gnu-tools-for-stm32.11.3.rel1.linux64_1.1.100.202309141235/tools/bin/../lib/gcc/arm-none-eabi/11.3.1/../../../../arm-none-eabi/lib/thumb/v7e-m+fp/hard/libc_nano.a(libc_a-malloc.o)
 .ARM.attributes
                0x00000000000007f7       0x34 /home/mahyar/st/stm32cubeide_1.14.0_2/plugins/com.st.stm32cube.ide.mcu.externaltools.gnu-tools-for-stm32.11.3.rel1.linux64_1.1.100.202309141235/tools/bin/../lib/gcc/arm-none-eabi/11.3.1/../../../../arm-none-eabi/lib/thumb/v7e-m+fp/hard/libc_nano.a(libc_a-mallocr.o)
 .ARM.attributes
                0x000000000000082b       0x34 /home/mahyar/st/stm32cubeide_1.14.0_2/plugins/com.st.stm32cube.ide.mcu.externaltools.gnu-tools-for-stm32.11.3.rel1.linux64_1.1.100.202309141235/tools/bin/../lib/gcc/arm-none-eabi/11.3.1/../../../../arm-none-eabi/lib/thumb/v7e-m+fp/hard/libc_nano.a(libc_a-mlock.o)
 .ARM.attributes
                0x000000000000085f       0x34 /home/mahyar/st/stm32cubeide_1.14.0_2/plugins/com.st.stm32cube.ide.mcu.externaltools.gnu-tools-for-stm32.11.3.rel1.linux64_1.1.100.202309141235/tools/bin/../lib/gcc/arm-none-eabi/11.3.1/../../../../arm-none-eabi/lib/thumb/v7e-m+fp/hard/libc_nano.a(libc_a-nano-vfprintf.o)
 .ARM.attributes
                0x0000000000000893       0x34 /home/mahyar/st/stm32cubeide_1.14.0_2/plugins/com.st.stm32cube.ide.mcu.externaltools.gnu-tools-for-stm32.11.3.rel1.linux64_1.1.100.202309141235/tools/bin/../lib/gcc/arm-none-eabi/11.3.1/../../../../arm-none-eabi/lib/thumb/v7e-m+fp/hard/libc_nano.a(libc_a-nano-vfprintf_i.o)
 .ARM.attributes
                0x00000000000008c7       0x34 /home/mahyar/st/stm32cubeide_1.14.0_2/plugins/com.st.stm32cube.ide.mcu.externaltools.gnu-tools-for-stm32.11.3.rel1.linux64_1.1.100.202309141235/tools/bin/../lib/gcc/arm-none-eabi/11.3.1/../../../../arm-none-eabi/lib/thumb/v7e-m+fp/hard/libc_nano.a(libc_a-fflush.o)
 .ARM.attributes
                0x00000000000008fb       0x34 /home/mahyar/st/stm32cubeide_1.14.0_2/plugins/com.st.stm32cube.ide.mcu.externaltools.gnu-tools-for-stm32.11.3.rel1.linux64_1.1.100.202309141235/tools/bin/../lib/gcc/arm-none-eabi/11.3.1/../../../../arm-none-eabi/lib/thumb/v7e-m+fp/hard/libc_nano.a(libc_a-makebuf.o)
 .ARM.attributes
                0x000000000000092f       0x34 /home/mahyar/st/stm32cubeide_1.14.0_2/plugins/com.st.stm32cube.ide.mcu.externaltools.gnu-tools-for-stm32.11.3.rel1.linux64_1.1.100.202309141235/tools/bin/../lib/gcc/arm-none-eabi/11.3.1/../../../../arm-none-eabi/lib/thumb/v7e-m+fp/hard/libc_nano.a(libc_a-fstatr.o)
 .ARM.attributes
                0x0000000000000963       0x34 /home/mahyar/st/stm32cubeide_1.14.0_2/plugins/com.st.stm32cube.ide.mcu.externaltools.gnu-tools-for-stm32.11.3.rel1.linux64_1.1.100.202309141235/tools/bin/../lib/gcc/arm-none-eabi/11.3.1/../../../../arm-none-eabi/lib/thumb/v7e-m+fp/hard/libc_nano.a(libc_a-isattyr.o)
 .ARM.attributes
                0x0000000000000997       0x34 /home/mahyar/st/stm32cubeide_1.14.0_2/plugins/com.st.stm32cube.ide.mcu.externaltools.gnu-tools-for-stm32.11.3.rel1.linux64_1.1.100.202309141235/tools/bin/../lib/gcc/arm-none-eabi/11.3.1/../../../../arm-none-eabi/lib/thumb/v7e-m+fp/hard/libc_nano.a(libc_a-sbrkr.o)
 .ARM.attributes
                0x00000000000009cb       0x1c /home/mahyar/st/stm32cubeide_1.14.0_2/plugins/com.st.stm32cube.ide.mcu.externaltools.gnu-tools-for-stm32.11.3.rel1.linux64_1.1.100.202309141235/tools/bin/../lib/gcc/arm-none-eabi/11.3.1/../../../../arm-none-eabi/lib/thumb/v7e-m+fp/hard/libc_nano.a(libc_a-memchr.o)
 .ARM.attributes
                0x00000000000009e7       0x1e /home/mahyar/st/stm32cubeide_1.14.0_2/plugins/com.st.stm32cube.ide.mcu.externaltools.gnu-tools-for-stm32.11.3.rel1.linux64_1.1.100.202309141235/tools/bin/../lib/gcc/arm-none-eabi/11.3.1/thumb/v7e-m+fp/hard/libgcc.a(_aeabi_uldivmod.o)
 .ARM.attributes
                0x0000000000000a05       0x34 /home/mahyar/st/stm32cubeide_1.14.0_2/plugins/com.st.stm32cube.ide.mcu.externaltools.gnu-tools-for-stm32.11.3.rel1.linux64_1.1.100.202309141235/tools/bin/../lib/gcc/arm-none-eabi/11.3.1/thumb/v7e-m+fp/hard/libgcc.a(_udivmoddi4.o)
 .ARM.attributes
                0x0000000000000a39       0x1e /home/mahyar/st/stm32cubeide_1.14.0_2/plugins/com.st.stm32cube.ide.mcu.externaltools.gnu-tools-for-stm32.11.3.rel1.linux64_1.1.100.202309141235/tools/bin/../lib/gcc/arm-none-eabi/11.3.1/thumb/v7e-m+fp/hard/libgcc.a(_dvmd_tls.o)
 .ARM.attributes
                0x0000000000000a57       0x1e /home/mahyar/st/stm32cubeide_1.14.0_2/plugins/com.st.stm32cube.ide.mcu.externaltools.gnu-tools-for-stm32.11.3.rel1.linux64_1.1.100.202309141235/tools/bin/../lib/gcc/arm-none-eabi/11.3.1/thumb/v7e-m+fp/hard/crtn.o
OUTPUT(w5500.elf elf32-littlearm)
LOAD linker stubs
LOAD /home/mahyar/st/stm32cubeide_1.14.0_2/plugins/com.st.stm32cube.ide.mcu.externaltools.gnu-tools-for-stm32.11.3.rel1.linux64_1.1.100.202309141235/tools/bin/../lib/gcc/arm-none-eabi/11.3.1/../../../../arm-none-eabi/lib/thumb/v7e-m+fp/hard/libc.a
LOAD /home/mahyar/st/stm32cubeide_1.14.0_2/plugins/com.st.stm32cube.ide.mcu.externaltools.gnu-tools-for-stm32.11.3.rel1.linux64_1.1.100.202309141235/tools/bin/../lib/gcc/arm-none-eabi/11.3.1/../../../../arm-none-eabi/lib/thumb/v7e-m+fp/hard/libm.a
LOAD /home/mahyar/st/stm32cubeide_1.14.0_2/plugins/com.st.stm32cube.ide.mcu.externaltools.gnu-tools-for-stm32.11.3.rel1.linux64_1.1.100.202309141235/tools/bin/../lib/gcc/arm-none-eabi/11.3.1/thumb/v7e-m+fp/hard/libgcc.a

.comment        0x0000000000000000       0x43
 .comment       0x0000000000000000       0x43 /home/mahyar/st/stm32cubeide_1.14.0_2/plugins/com.st.stm32cube.ide.mcu.externaltools.gnu-tools-for-stm32.11.3.rel1.linux64_1.1.100.202309141235/tools/bin/../lib/gcc/arm-none-eabi/11.3.1/thumb/v7e-m+fp/hard/crtbegin.o
                                         0x44 (size before relaxing)
 .comment       0x0000000000000043       0x44 ./Core/Src/main.o
 .comment       0x0000000000000043       0x44 ./Core/Src/stm32f4xx_hal_msp.o
 .comment       0x0000000000000043       0x44 ./Core/Src/stm32f4xx_it.o
 .comment       0x0000000000000043       0x44 ./Core/Src/syscalls.o
 .comment       0x0000000000000043       0x44 ./Core/Src/sysmem.o
 .comment       0x0000000000000043       0x44 ./Core/Src/system_stm32f4xx.o
 .comment       0x0000000000000043       0x44 ./Core/Src/w5500/W5500/w5500.o
 .comment       0x0000000000000043       0x44 ./Core/Src/w5500/w5500_phy.o
 .comment       0x0000000000000043       0x44 ./Core/Src/w5500/w5500_spi.o
 .comment       0x0000000000000043       0x44 ./Core/Src/w5500/wizchip_conf.o
 .comment       0x0000000000000043       0x44 ./Drivers/STM32F4xx_HAL_Driver/Src/stm32f4xx_hal.o
 .comment       0x0000000000000043       0x44 ./Drivers/STM32F4xx_HAL_Driver/Src/stm32f4xx_hal_cortex.o
 .comment       0x0000000000000043       0x44 ./Drivers/STM32F4xx_HAL_Driver/Src/stm32f4xx_hal_gpio.o
 .comment       0x0000000000000043       0x44 ./Drivers/STM32F4xx_HAL_Driver/Src/stm32f4xx_hal_rcc.o
 .comment       0x0000000000000043       0x44 ./Drivers/STM32F4xx_HAL_Driver/Src/stm32f4xx_hal_spi.o
 .comment       0x0000000000000043       0x44 ./Drivers/STM32F4xx_HAL_Driver/Src/stm32f4xx_hal_uart.o

.debug_info     0x0000000000000000     0xbd26
 .debug_info    0x0000000000000000     0x1765 ./Core/Src/main.o
 .debug_info    0x0000000000001765      0xc0c ./Core/Src/stm32f4xx_hal_msp.o
 .debug_info    0x0000000000002371      0x112 ./Core/Src/stm32f4xx_it.o
 .debug_info    0x0000000000002483      0x6a3 ./Core/Src/syscalls.o
 .debug_info    0x0000000000002b26      0x168 ./Core/Src/sysmem.o
 .debug_info    0x0000000000002c8e      0x53e ./Core/Src/system_stm32f4xx.o
 .debug_info    0x00000000000031cc      0x539 ./Core/Src/w5500/W5500/w5500.o
 .debug_info    0x0000000000003705      0x35c ./Core/Src/w5500/w5500_phy.o
 .debug_info    0x0000000000003a61      0xb68 ./Core/Src/w5500/w5500_spi.o
 .debug_info    0x00000000000045c9      0xc76 ./Core/Src/w5500/wizchip_conf.o
 .debug_info    0x000000000000523f       0x23 ./Core/Startup/startup_stm32f401rctx.o
 .debug_info    0x0000000000005262      0x8bb ./Drivers/STM32F4xx_HAL_Driver/Src/stm32f4xx_hal.o
 .debug_info    0x0000000000005b1d      0xcc1 ./Drivers/STM32F4xx_HAL_Driver/Src/stm32f4xx_hal_cortex.o
 .debug_info    0x00000000000067de      0x6f9 ./Drivers/STM32F4xx_HAL_Driver/Src/stm32f4xx_hal_gpio.o
 .debug_info    0x0000000000006ed7      0x8f3 ./Drivers/STM32F4xx_HAL_Driver/Src/stm32f4xx_hal_rcc.o
 .debug_info    0x00000000000077ca     0x1606 ./Drivers/STM32F4xx_HAL_Driver/Src/stm32f4xx_hal_spi.o
 .debug_info    0x0000000000008dd0     0x2f56 ./Drivers/STM32F4xx_HAL_Driver/Src/stm32f4xx_hal_uart.o

.debug_abbrev   0x0000000000000000     0x2195
 .debug_abbrev  0x0000000000000000      0x334 ./Core/Src/main.o
 .debug_abbrev  0x0000000000000334      0x1ac ./Core/Src/stm32f4xx_hal_msp.o
 .debug_abbrev  0x00000000000004e0       0x73 ./Core/Src/stm32f4xx_it.o
 .debug_abbrev  0x0000000000000553      0x1b6 ./Core/Src/syscalls.o
 .debug_abbrev  0x0000000000000709       0xbc ./Core/Src/sysmem.o
 .debug_abbrev  0x00000000000007c5      0x11a ./Core/Src/system_stm32f4xx.o
 .debug_abbrev  0x00000000000008df      0x21f ./Core/Src/w5500/W5500/w5500.o
 .debug_abbrev  0x0000000000000afe      0x160 ./Core/Src/w5500/w5500_phy.o
 .debug_abbrev  0x0000000000000c5e      0x26e ./Core/Src/w5500/w5500_spi.o
 .debug_abbrev  0x0000000000000ecc      0x321 ./Core/Src/w5500/wizchip_conf.o
 .debug_abbrev  0x00000000000011ed       0x12 ./Core/Startup/startup_stm32f401rctx.o
 .debug_abbrev  0x00000000000011ff      0x24b ./Drivers/STM32F4xx_HAL_Driver/Src/stm32f4xx_hal.o
 .debug_abbrev  0x000000000000144a      0x328 ./Drivers/STM32F4xx_HAL_Driver/Src/stm32f4xx_hal_cortex.o
 .debug_abbrev  0x0000000000001772      0x1d3 ./Drivers/STM32F4xx_HAL_Driver/Src/stm32f4xx_hal_gpio.o
 .debug_abbrev  0x0000000000001945      0x2b5 ./Drivers/STM32F4xx_HAL_Driver/Src/stm32f4xx_hal_rcc.o
 .debug_abbrev  0x0000000000001bfa      0x280 ./Drivers/STM32F4xx_HAL_Driver/Src/stm32f4xx_hal_spi.o
 .debug_abbrev  0x0000000000001e7a      0x31b ./Drivers/STM32F4xx_HAL_Driver/Src/stm32f4xx_hal_uart.o

.debug_aranges  0x0000000000000000      0xb00
 .debug_aranges
                0x0000000000000000       0x58 ./Core/Src/main.o
 .debug_aranges
                0x0000000000000058       0x40 ./Core/Src/stm32f4xx_hal_msp.o
 .debug_aranges
                0x0000000000000098       0x60 ./Core/Src/stm32f4xx_it.o
 .debug_aranges
                0x00000000000000f8       0xa8 ./Core/Src/syscalls.o
 .debug_aranges
                0x00000000000001a0       0x20 ./Core/Src/sysmem.o
 .debug_aranges
                0x00000000000001c0       0x28 ./Core/Src/system_stm32f4xx.o
 .debug_aranges
                0x00000000000001e8       0x60 ./Core/Src/w5500/W5500/w5500.o
 .debug_aranges
                0x0000000000000248       0x30 ./Core/Src/w5500/w5500_phy.o
 .debug_aranges
                0x0000000000000278       0x60 ./Core/Src/w5500/w5500_spi.o
 .debug_aranges
                0x00000000000002d8      0x138 ./Core/Src/w5500/wizchip_conf.o
 .debug_aranges
                0x0000000000000410       0x28 ./Core/Startup/startup_stm32f401rctx.o
 .debug_aranges
                0x0000000000000438       0xf0 ./Drivers/STM32F4xx_HAL_Driver/Src/stm32f4xx_hal.o
 .debug_aranges
                0x0000000000000528      0x120 ./Drivers/STM32F4xx_HAL_Driver/Src/stm32f4xx_hal_cortex.o
 .debug_aranges
                0x0000000000000648       0x58 ./Drivers/STM32F4xx_HAL_Driver/Src/stm32f4xx_hal_gpio.o
 .debug_aranges
                0x00000000000006a0       0x88 ./Drivers/STM32F4xx_HAL_Driver/Src/stm32f4xx_hal_rcc.o
 .debug_aranges
                0x0000000000000728      0x1d0 ./Drivers/STM32F4xx_HAL_Driver/Src/stm32f4xx_hal_spi.o
 .debug_aranges
                0x00000000000008f8      0x208 ./Drivers/STM32F4xx_HAL_Driver/Src/stm32f4xx_hal_uart.o

.debug_rnglists
                0x0000000000000000      0x85e
 .debug_rnglists
                0x0000000000000000       0x3e ./Core/Src/main.o
 .debug_rnglists
                0x000000000000003e       0x2d ./Core/Src/stm32f4xx_hal_msp.o
 .debug_rnglists
                0x000000000000006b       0x43 ./Core/Src/stm32f4xx_it.o
 .debug_rnglists
                0x00000000000000ae       0x79 ./Core/Src/syscalls.o
 .debug_rnglists
                0x0000000000000127       0x13 ./Core/Src/sysmem.o
 .debug_rnglists
                0x000000000000013a       0x1a ./Core/Src/system_stm32f4xx.o
 .debug_rnglists
                0x0000000000000154       0x4c ./Core/Src/w5500/W5500/w5500.o
 .debug_rnglists
                0x00000000000001a0       0x21 ./Core/Src/w5500/w5500_phy.o
 .debug_rnglists
                0x00000000000001c1       0x44 ./Core/Src/w5500/w5500_spi.o
 .debug_rnglists
                0x0000000000000205       0xed ./Core/Src/w5500/wizchip_conf.o
 .debug_rnglists
                0x00000000000002f2       0x19 ./Core/Startup/startup_stm32f401rctx.o
 .debug_rnglists
                0x000000000000030b       0xaf ./Drivers/STM32F4xx_HAL_Driver/Src/stm32f4xx_hal.o
 .debug_rnglists
                0x00000000000003ba       0xd4 ./Drivers/STM32F4xx_HAL_Driver/Src/stm32f4xx_hal_cortex.o
 .debug_rnglists
                0x000000000000048e       0x3f ./Drivers/STM32F4xx_HAL_Driver/Src/stm32f4xx_hal_gpio.o
 .debug_rnglists
                0x00000000000004cd       0x66 ./Drivers/STM32F4xx_HAL_Driver/Src/stm32f4xx_hal_rcc.o
 .debug_rnglists
                0x0000000000000533      0x16f ./Drivers/STM32F4xx_HAL_Driver/Src/stm32f4xx_hal_spi.o
 .debug_rnglists
                0x00000000000006a2      0x1bc ./Drivers/STM32F4xx_HAL_Driver/Src/stm32f4xx_hal_uart.o

.debug_macro    0x0000000000000000    0x1758c
 .debug_macro   0x0000000000000000      0x2ee ./Core/Src/main.o
 .debug_macro   0x00000000000002ee      0xaa8 ./Core/Src/main.o
 .debug_macro   0x0000000000000d96       0x22 ./Core/Src/main.o
 .debug_macro   0x0000000000000db8       0x5b ./Core/Src/main.o
 .debug_macro   0x0000000000000e13       0x2a ./Core/Src/main.o
 .debug_macro   0x0000000000000e3d       0x94 ./Core/Src/main.o
 .debug_macro   0x0000000000000ed1       0x43 ./Core/Src/main.o
 .debug_macro   0x0000000000000f14       0x34 ./Core/Src/main.o
 .debug_macro   0x0000000000000f48       0x16 ./Core/Src/main.o
 .debug_macro   0x0000000000000f5e       0x57 ./Core/Src/main.o
 .debug_macro   0x0000000000000fb5       0x97 ./Core/Src/main.o
 .debug_macro   0x000000000000104c      0x369 ./Core/Src/main.o
 .debug_macro   0x00000000000013b5       0xfd ./Core/Src/main.o
 .debug_macro   0x00000000000014b2       0x10 ./Core/Src/main.o
 .debug_macro   0x00000000000014c2       0x16 ./Core/Src/main.o
 .debug_macro   0x00000000000014d8       0x43 ./Core/Src/main.o
 .debug_macro   0x000000000000151b       0x34 ./Core/Src/main.o
 .debug_macro   0x000000000000154f       0x10 ./Core/Src/main.o
 .debug_macro   0x000000000000155f       0x58 ./Core/Src/main.o
 .debug_macro   0x00000000000015b7       0x8e ./Core/Src/main.o
 .debug_macro   0x0000000000001645       0x1c ./Core/Src/main.o
 .debug_macro   0x0000000000001661      0x177 ./Core/Src/main.o
 .debug_macro   0x00000000000017d8       0x16 ./Core/Src/main.o
 .debug_macro   0x00000000000017ee       0x16 ./Core/Src/main.o
 .debug_macro   0x0000000000001804      0x147 ./Core/Src/main.o
 .debug_macro   0x000000000000194b      0x29b ./Core/Src/main.o
 .debug_macro   0x0000000000001be6       0x2e ./Core/Src/main.o
 .debug_macro   0x0000000000001c14       0x28 ./Core/Src/main.o
 .debug_macro   0x0000000000001c3c      0x103 ./Core/Src/main.o
 .debug_macro   0x0000000000001d3f       0x6a ./Core/Src/main.o
 .debug_macro   0x0000000000001da9      0x1df ./Core/Src/main.o
 .debug_macro   0x0000000000001f88       0x1c ./Core/Src/main.o
 .debug_macro   0x0000000000001fa4       0x22 ./Core/Src/main.o
 .debug_macro   0x0000000000001fc6       0xfb ./Core/Src/main.o
 .debug_macro   0x00000000000020c1     0x1011 ./Core/Src/main.o
 .debug_macro   0x00000000000030d2      0x11f ./Core/Src/main.o
 .debug_macro   0x00000000000031f1     0xb86c ./Core/Src/main.o
 .debug_macro   0x000000000000ea5d       0x6d ./Core/Src/main.o
 .debug_macro   0x000000000000eaca     0x368c ./Core/Src/main.o
 .debug_macro   0x0000000000012156       0x56 ./Core/Src/main.o
 .debug_macro   0x00000000000121ac      0x416 ./Core/Src/main.o
 .debug_macro   0x00000000000125c2      0x9e9 ./Core/Src/main.o
 .debug_macro   0x0000000000012fab      0x115 ./Core/Src/main.o
 .debug_macro   0x00000000000130c0       0xf8 ./Core/Src/main.o
 .debug_macro   0x00000000000131b8       0xa5 ./Core/Src/main.o
 .debug_macro   0x000000000001325d      0x15f ./Core/Src/main.o
 .debug_macro   0x00000000000133bc      0x287 ./Core/Src/main.o
 .debug_macro   0x0000000000013643       0x5f ./Core/Src/main.o
 .debug_macro   0x00000000000136a2      0x236 ./Core/Src/main.o
 .debug_macro   0x00000000000138d8      0x132 ./Core/Src/main.o
 .debug_macro   0x0000000000013a0a      0x23a ./Core/Src/main.o
 .debug_macro   0x0000000000013c44       0x2e ./Core/Src/main.o
 .debug_macro   0x0000000000013c72      0x127 ./Core/Src/main.o
 .debug_macro   0x0000000000013d99       0x85 ./Core/Src/main.o
 .debug_macro   0x0000000000013e1e       0x89 ./Core/Src/main.o
 .debug_macro   0x0000000000013ea7      0x225 ./Core/Src/main.o
 .debug_macro   0x00000000000140cc      0x2aa ./Core/Src/main.o
 .debug_macro   0x0000000000014376      0x126 ./Core/Src/main.o
 .debug_macro   0x000000000001449c       0x1c ./Core/Src/main.o
 .debug_macro   0x00000000000144b8       0x6c ./Core/Src/main.o
 .debug_macro   0x0000000000014524      0x5e7 ./Core/Src/main.o
 .debug_macro   0x0000000000014b0b       0x66 ./Core/Src/main.o
 .debug_macro   0x0000000000014b71       0xd8 ./Core/Src/main.o
 .debug_macro   0x0000000000014c49      0x1d3 ./Core/Src/stm32f4xx_hal_msp.o
 .debug_macro   0x0000000000014e1c       0x8e ./Core/Src/stm32f4xx_hal_msp.o
 .debug_macro   0x0000000000014eaa       0x51 ./Core/Src/stm32f4xx_hal_msp.o
 .debug_macro   0x0000000000014efb      0x174 ./Core/Src/stm32f4xx_hal_msp.o
 .debug_macro   0x000000000001506f       0x5c ./Core/Src/stm32f4xx_hal_msp.o
 .debug_macro   0x00000000000150cb      0x1dd ./Core/Src/stm32f4xx_it.o
 .debug_macro   0x00000000000152a8      0x274 ./Core/Src/syscalls.o
 .debug_macro   0x000000000001551c       0x10 ./Core/Src/syscalls.o
 .debug_macro   0x000000000001552c       0x35 ./Core/Src/syscalls.o
 .debug_macro   0x0000000000015561       0x10 ./Core/Src/syscalls.o
 .debug_macro   0x0000000000015571       0x10 ./Core/Src/syscalls.o
 .debug_macro   0x0000000000015581       0x10 ./Core/Src/syscalls.o
 .debug_macro   0x0000000000015591       0x1c ./Core/Src/syscalls.o
 .debug_macro   0x00000000000155ad       0x52 ./Core/Src/syscalls.o
 .debug_macro   0x00000000000155ff       0x22 ./Core/Src/syscalls.o
 .debug_macro   0x0000000000015621       0x10 ./Core/Src/syscalls.o
 .debug_macro   0x0000000000015631       0x52 ./Core/Src/syscalls.o
 .debug_macro   0x0000000000015683       0xcf ./Core/Src/syscalls.o
 .debug_macro   0x0000000000015752       0x1c ./Core/Src/syscalls.o
 .debug_macro   0x000000000001576e       0x3d ./Core/Src/syscalls.o
 .debug_macro   0x00000000000157ab       0x35 ./Core/Src/syscalls.o
 .debug_macro   0x00000000000157e0      0x12c ./Core/Src/syscalls.o
 .debug_macro   0x000000000001590c       0x16 ./Core/Src/syscalls.o
 .debug_macro   0x0000000000015922       0x16 ./Core/Src/syscalls.o
 .debug_macro   0x0000000000015938       0x29 ./Core/Src/syscalls.o
 .debug_macro   0x0000000000015961       0x10 ./Core/Src/syscalls.o
 .debug_macro   0x0000000000015971      0x242 ./Core/Src/syscalls.o
 .debug_macro   0x0000000000015bb3       0x1c ./Core/Src/syscalls.o
 .debug_macro   0x0000000000015bcf       0x10 ./Core/Src/syscalls.o
 .debug_macro   0x0000000000015bdf      0x18a ./Core/Src/syscalls.o
 .debug_macro   0x0000000000015d69       0x16 ./Core/Src/syscalls.o
 .debug_macro   0x0000000000015d7f       0xce ./Core/Src/syscalls.o
 .debug_macro   0x0000000000015e4d       0xff ./Core/Src/sysmem.o
 .debug_macro   0x0000000000015f4c      0x23c ./Core/Src/sysmem.o
 .debug_macro   0x0000000000016188      0x1c4 ./Core/Src/system_stm32f4xx.o
 .debug_macro   0x000000000001634c       0x9d ./Core/Src/w5500/W5500/w5500.o
 .debug_macro   0x00000000000163e9      0x2be ./Core/Src/w5500/w5500_phy.o
 .debug_macro   0x00000000000166a7       0x61 ./Core/Src/w5500/w5500_phy.o
 .debug_macro   0x0000000000016708      0x2be ./Core/Src/w5500/w5500_spi.o
 .debug_macro   0x00000000000169c6       0x94 ./Core/Src/w5500/wizchip_conf.o
 .debug_macro   0x0000000000016a5a      0x224 ./Drivers/STM32F4xx_HAL_Driver/Src/stm32f4xx_hal.o
 .debug_macro   0x0000000000016c7e      0x1c4 ./Drivers/STM32F4xx_HAL_Driver/Src/stm32f4xx_hal_cortex.o
 .debug_macro   0x0000000000016e42      0x1ca ./Drivers/STM32F4xx_HAL_Driver/Src/stm32f4xx_hal_gpio.o
 .debug_macro   0x000000000001700c      0x1e8 ./Drivers/STM32F4xx_HAL_Driver/Src/stm32f4xx_hal_rcc.o
 .debug_macro   0x00000000000171f4      0x1d3 ./Drivers/STM32F4xx_HAL_Driver/Src/stm32f4xx_hal_spi.o
 .debug_macro   0x00000000000173c7      0x1c5 ./Drivers/STM32F4xx_HAL_Driver/Src/stm32f4xx_hal_uart.o

.debug_line     0x0000000000000000     0xc432
 .debug_line    0x0000000000000000      0x9ee ./Core/Src/main.o
 .debug_line    0x00000000000009ee      0x73c ./Core/Src/stm32f4xx_hal_msp.o
 .debug_line    0x000000000000112a      0x764 ./Core/Src/stm32f4xx_it.o
 .debug_line    0x000000000000188e      0x819 ./Core/Src/syscalls.o
 .debug_line    0x00000000000020a7      0x4ea ./Core/Src/sysmem.o
 .debug_line    0x0000000000002591      0x723 ./Core/Src/system_stm32f4xx.o
 .debug_line    0x0000000000002cb4      0x6dd ./Core/Src/w5500/W5500/w5500.o
 .debug_line    0x0000000000003391      0x953 ./Core/Src/w5500/w5500_phy.o
 .debug_line    0x0000000000003ce4      0x9ab ./Core/Src/w5500/w5500_spi.o
 .debug_line    0x000000000000468f      0xae4 ./Core/Src/w5500/wizchip_conf.o
 .debug_line    0x0000000000005173       0x7a ./Core/Startup/startup_stm32f401rctx.o
 .debug_line    0x00000000000051ed      0x989 ./Drivers/STM32F4xx_HAL_Driver/Src/stm32f4xx_hal.o
 .debug_line    0x0000000000005b76      0xc55 ./Drivers/STM32F4xx_HAL_Driver/Src/stm32f4xx_hal_cortex.o
 .debug_line    0x00000000000067cb      0xac1 ./Drivers/STM32F4xx_HAL_Driver/Src/stm32f4xx_hal_gpio.o
 .debug_line    0x000000000000728c      0xd00 ./Drivers/STM32F4xx_HAL_Driver/Src/stm32f4xx_hal_rcc.o
 .debug_line    0x0000000000007f8c     0x1c60 ./Drivers/STM32F4xx_HAL_Driver/Src/stm32f4xx_hal_spi.o
 .debug_line    0x0000000000009bec     0x2846 ./Drivers/STM32F4xx_HAL_Driver/Src/stm32f4xx_hal_uart.o

.debug_str      0x0000000000000000    0x8bf1f
 .debug_str     0x0000000000000000    0x87758 ./Core/Src/main.o
                                      0x87ae3 (size before relaxing)
 .debug_str     0x0000000000087758       0x8d ./Core/Src/stm32f4xx_hal_msp.o
                                      0x80e50 (size before relaxing)
 .debug_str     0x00000000000877e5       0xc9 ./Core/Src/stm32f4xx_it.o
                                      0x806f4 (size before relaxing)
 .debug_str     0x00000000000878ae     0x20bc ./Core/Src/syscalls.o
                                       0x98a2 (size before relaxing)
 .debug_str     0x000000000008996a       0x6b ./Core/Src/sysmem.o
                                       0x6059 (size before relaxing)
 .debug_str     0x00000000000899d5       0xdb ./Core/Src/system_stm32f4xx.o
                                      0x807de (size before relaxing)
 .debug_str     0x0000000000089ab0      0x18d ./Core/Src/w5500/W5500/w5500.o
                                       0x6a2b (size before relaxing)
 .debug_str     0x0000000000089c3d      0x183 ./Core/Src/w5500/w5500_phy.o
                                      0x86b31 (size before relaxing)
 .debug_str     0x0000000000089dc0      0x102 ./Core/Src/w5500/w5500_spi.o
                                      0x870be (size before relaxing)
 .debug_str     0x0000000000089ec2      0x41b ./Core/Src/w5500/wizchip_conf.o
                                       0x72e1 (size before relaxing)
 .debug_str     0x000000000008a2dd       0x34 ./Core/Startup/startup_stm32f401rctx.o
                                         0x6b (size before relaxing)