../Core/Src/main.c:38:5:main	24	static
../Core/Src/main.c:82:6:write_data_uart1	16	static
../Core/Src/main.c:92:5:__io_putchar	16	static
../Core/Src/main.c:100:6:check_cable_presence	16	static
../Core/Src/main.c:127:6:check_phy_status	16	static
../Core/Src/main.c:204:6:print_host_configuration	32	static
../Core/Src/main.c:218:6:SystemClock_Config	88	static
../Core/Src/main.c:260:13:MX_SPI1_Init	8	static
../Core/Src/main.c:298:13:MX_USART1_UART_Init	8	static
../Core/Src/main.c:331:13:MX_GPIO_Init	32	static
../Core/Src/main.c:362:6:Error_Handler	4	static,ignoring_inline_asm
